Archive member included to satisfy reference by file (symbol)

C:/ST/STM32CubeCLT_1.16.0/GNU-tools-for-STM32/bin/../lib/gcc/arm-none-eabi/12.3.1/thumb/v7e-m/nofp\libgcc.a(_aeabi_uldivmod.o)
                              CMakeFiles/uart.elf.dir/Drivers/STM32F4xx_HAL_Driver/Src/stm32f4xx_hal_rcc.c.obj (__aeabi_uldivmod)
C:/ST/STM32CubeCLT_1.16.0/GNU-tools-for-STM32/bin/../lib/gcc/arm-none-eabi/12.3.1/thumb/v7e-m/nofp\libgcc.a(_udivmoddi4.o)
                              C:/ST/STM32CubeCLT_1.16.0/GNU-tools-for-STM32/bin/../lib/gcc/arm-none-eabi/12.3.1/thumb/v7e-m/nofp\libgcc.a(_aeabi_uldivmod.o) (__udivmoddi4)
C:/ST/STM32CubeCLT_1.16.0/GNU-tools-for-STM32/bin/../lib/gcc/arm-none-eabi/12.3.1/thumb/v7e-m/nofp\libgcc.a(unwind-arm.o)
                              CMakeFiles/uart.elf.dir/Core/Src/callback.cpp.obj (__aeabi_unwind_cpp_pr1)
C:/ST/STM32CubeCLT_1.16.0/GNU-tools-for-STM32/bin/../lib/gcc/arm-none-eabi/12.3.1/thumb/v7e-m/nofp\libgcc.a(libunwind.o)
                              C:/ST/STM32CubeCLT_1.16.0/GNU-tools-for-STM32/bin/../lib/gcc/arm-none-eabi/12.3.1/thumb/v7e-m/nofp\libgcc.a(unwind-arm.o) (restore_core_regs)
C:/ST/STM32CubeCLT_1.16.0/GNU-tools-for-STM32/bin/../lib/gcc/arm-none-eabi/12.3.1/thumb/v7e-m/nofp\libgcc.a(pr-support.o)
                              C:/ST/STM32CubeCLT_1.16.0/GNU-tools-for-STM32/bin/../lib/gcc/arm-none-eabi/12.3.1/thumb/v7e-m/nofp\libgcc.a(unwind-arm.o) (__gnu_unwind_execute)
C:/ST/STM32CubeCLT_1.16.0/GNU-tools-for-STM32/bin/../lib/gcc/arm-none-eabi/12.3.1/thumb/v7e-m/nofp\libgcc.a(_dvmd_tls.o)
                              C:/ST/STM32CubeCLT_1.16.0/GNU-tools-for-STM32/bin/../lib/gcc/arm-none-eabi/12.3.1/thumb/v7e-m/nofp\libgcc.a(_aeabi_uldivmod.o) (__aeabi_ldiv0)
C:/ST/STM32CubeCLT_1.16.0/GNU-tools-for-STM32/bin/../lib/gcc/arm-none-eabi/12.3.1/../../../../arm-none-eabi/lib/thumb/v7e-m/nofp\libg.a(libc_a-abort.o)
                              C:/ST/STM32CubeCLT_1.16.0/GNU-tools-for-STM32/bin/../lib/gcc/arm-none-eabi/12.3.1/thumb/v7e-m/nofp\libgcc.a(unwind-arm.o) (abort)
C:/ST/STM32CubeCLT_1.16.0/GNU-tools-for-STM32/bin/../lib/gcc/arm-none-eabi/12.3.1/../../../../arm-none-eabi/lib/thumb/v7e-m/nofp\libg.a(libc_a-exit.o)
                              C:/ST/STM32CubeCLT_1.16.0/GNU-tools-for-STM32/bin/../lib/gcc/arm-none-eabi/12.3.1/../../../../arm-none-eabi/lib/thumb/v7e-m/nofp/crt0.o (exit)
C:/ST/STM32CubeCLT_1.16.0/GNU-tools-for-STM32/bin/../lib/gcc/arm-none-eabi/12.3.1/../../../../arm-none-eabi/lib/thumb/v7e-m/nofp\libg.a(libc_a-findfp.o)
                              C:/ST/STM32CubeCLT_1.16.0/GNU-tools-for-STM32/bin/../lib/gcc/arm-none-eabi/12.3.1/../../../../arm-none-eabi/lib/thumb/v7e-m/nofp\libg.a(libc_a-exit.o) (__stdio_exit_handler)
C:/ST/STM32CubeCLT_1.16.0/GNU-tools-for-STM32/bin/../lib/gcc/arm-none-eabi/12.3.1/../../../../arm-none-eabi/lib/thumb/v7e-m/nofp\libg.a(libc_a-fwalk.o)
                              C:/ST/STM32CubeCLT_1.16.0/GNU-tools-for-STM32/bin/../lib/gcc/arm-none-eabi/12.3.1/../../../../arm-none-eabi/lib/thumb/v7e-m/nofp\libg.a(libc_a-findfp.o) (_fwalk_sglue)
C:/ST/STM32CubeCLT_1.16.0/GNU-tools-for-STM32/bin/../lib/gcc/arm-none-eabi/12.3.1/../../../../arm-none-eabi/lib/thumb/v7e-m/nofp\libg.a(libc_a-stdio.o)
                              C:/ST/STM32CubeCLT_1.16.0/GNU-tools-for-STM32/bin/../lib/gcc/arm-none-eabi/12.3.1/../../../../arm-none-eabi/lib/thumb/v7e-m/nofp\libg.a(libc_a-findfp.o) (__sread)
C:/ST/STM32CubeCLT_1.16.0/GNU-tools-for-STM32/bin/../lib/gcc/arm-none-eabi/12.3.1/../../../../arm-none-eabi/lib/thumb/v7e-m/nofp\libg.a(libc_a-memset.o)
                              C:/ST/STM32CubeCLT_1.16.0/GNU-tools-for-STM32/bin/../lib/gcc/arm-none-eabi/12.3.1/../../../../arm-none-eabi/lib/thumb/v7e-m/nofp/crt0.o (memset)
C:/ST/STM32CubeCLT_1.16.0/GNU-tools-for-STM32/bin/../lib/gcc/arm-none-eabi/12.3.1/../../../../arm-none-eabi/lib/thumb/v7e-m/nofp\libg.a(libc_a-signal.o)
                              C:/ST/STM32CubeCLT_1.16.0/GNU-tools-for-STM32/bin/../lib/gcc/arm-none-eabi/12.3.1/../../../../arm-none-eabi/lib/thumb/v7e-m/nofp\libg.a(libc_a-abort.o) (raise)
C:/ST/STM32CubeCLT_1.16.0/GNU-tools-for-STM32/bin/../lib/gcc/arm-none-eabi/12.3.1/../../../../arm-none-eabi/lib/thumb/v7e-m/nofp\libg.a(libc_a-closer.o)
                              C:/ST/STM32CubeCLT_1.16.0/GNU-tools-for-STM32/bin/../lib/gcc/arm-none-eabi/12.3.1/../../../../arm-none-eabi/lib/thumb/v7e-m/nofp\libg.a(libc_a-stdio.o) (_close_r)
C:/ST/STM32CubeCLT_1.16.0/GNU-tools-for-STM32/bin/../lib/gcc/arm-none-eabi/12.3.1/../../../../arm-none-eabi/lib/thumb/v7e-m/nofp\libg.a(libc_a-reent.o)
                              C:/ST/STM32CubeCLT_1.16.0/GNU-tools-for-STM32/bin/../lib/gcc/arm-none-eabi/12.3.1/../../../../arm-none-eabi/lib/thumb/v7e-m/nofp\libg.a(libc_a-closer.o) (errno)
C:/ST/STM32CubeCLT_1.16.0/GNU-tools-for-STM32/bin/../lib/gcc/arm-none-eabi/12.3.1/../../../../arm-none-eabi/lib/thumb/v7e-m/nofp\libg.a(libc_a-impure.o)
[...]
Memory Configuration

Name             Origin             Length             Attributes
CCMRAM           0x10000000         0x00010000         xrw
RAM              0x20000000         0x00030000         xrw
FLASH            0x08000000         0x00200000         xr
*default*        0x00000000         0xffffffff

Linker script and memory map

LOAD C:/ST/STM32CubeCLT_1.16.0/GNU-tools-for-STM32/bin/../lib/gcc/arm-none-eabi/12.3.1/thumb/v7e-m/nofp/crti.o
LOAD C:/ST/STM32CubeCLT_1.16.0/GNU-tools-for-STM32/bin/../lib/gcc/arm-none-eabi/12.3.1/thumb/v7e-m/nofp/crtbegin.o
LOAD C:/ST/STM32CubeCLT_1.16.0/GNU-tools-for-STM32/bin/../lib/gcc/arm-none-eabi/12.3.1/../../../../arm-none-eabi/lib/thumb/v7e-m/nofp/crt0.o
LOAD CMakeFiles/uart.elf.dir/Core/Src/callback.cpp.obj
LOAD CMakeFiles/uart.elf.dir/Core/Src/gpio.c.obj
LOAD CMakeFiles/uart.elf.dir/Core/Src/main.c.obj
LOAD CMakeFiles/uart.elf.dir/Core/Src/stm32f4xx_hal_msp.c.obj
LOAD CMakeFiles/uart.elf.dir/Core/Src/stm32f4xx_it.c.obj
LOAD CMakeFiles/uart.elf.dir/Core/Src/syscalls.c.obj
LOAD CMakeFiles/uart.elf.dir/Core/Src/sysmem.c.obj
LOAD CMakeFiles/uart.elf.dir/Core/Src/system_stm32f4xx.c.obj
LOAD CMakeFiles/uart.elf.dir/Core/Src/tim.c.obj
LOAD CMakeFiles/uart.elf.dir/Core/Src/usart.c.obj
LOAD CMakeFiles/uart.elf.dir/Core/Startup/startup_stm32f427iihx.s.obj
LOAD CMakeFiles/uart.elf.dir/Drivers/STM32F4xx_HAL_Driver/Src/stm32f4xx_hal.c.obj
LOAD CMakeFiles/uart.elf.dir/Drivers/STM32F4xx_HAL_Driver/Src/stm32f4xx_hal_cortex.c.obj
LOAD CMakeFiles/uart.elf.dir/Drivers/STM32F4xx_HAL_Driver/Src/stm32f4xx_hal_dma.c.obj
LOAD CMakeFiles/uart.elf.dir/Drivers/STM32F4xx_HAL_Driver/Src/stm32f4xx_hal_dma_ex.c.obj
LOAD CMakeFiles/uart.elf.dir/Drivers/STM32F4xx_HAL_Driver/Src/stm32f4xx_hal_exti.c.obj
LOAD CMakeFiles/uart.elf.dir/Drivers/STM32F4xx_HAL_Driver/Src/stm32f4xx_hal_flash.c.obj
LOAD CMakeFiles/uart.elf.dir/Drivers/STM32F4xx_HAL_Driver/Src/stm32f4xx_hal_flash_ex.c.obj
LOAD CMakeFiles/uart.elf.dir/Drivers/STM32F4xx_HAL_Driver/Src/stm32f4xx_hal_flash_ramfunc.c.obj
LOAD CMakeFiles/uart.elf.dir/Drivers/STM32F4xx_HAL_Driver/Src/stm32f4xx_hal_gpio.c.obj
LOAD CMakeFiles/uart.elf.dir/Drivers/STM32F4xx_HAL_Driver/Src/stm32f4xx_hal_pwr.c.obj
LOAD CMakeFiles/uart.elf.dir/Drivers/STM32F4xx_HAL_Driver/Src/stm32f4xx_hal_pwr_ex.c.obj
LOAD CMakeFiles/uart.elf.dir/Drivers/STM32F4xx_HAL_Driver/Src/stm32f4xx_hal_rcc.c.obj
LOAD CMakeFiles/uart.elf.dir/Drivers/STM32F4xx_HAL_Driver/Src/stm32f4xx_hal_rcc_ex.c.obj
LOAD CMakeFiles/uart.elf.dir/Drivers/STM32F4xx_HAL_Driver/Src/stm32f4xx_hal_tim.c.obj
LOAD CMakeFiles/uart.elf.dir/Drivers/STM32F4xx_HAL_Driver/Src/stm32f4xx_hal_tim_ex.c.obj
LOAD CMakeFiles/uart.elf.dir/Drivers/STM32F4xx_HAL_Driver/Src/stm32f4xx_hal_uart.c.obj
LOAD C:/ST/STM32CubeCLT_1.16.0/GNU-tools-for-STM32/bin/../lib/gcc/arm-none-eabi/12.3.1/../../../../arm-none-eabi/lib/thumb/v7e-m/nofp\libstdc++.a
LOAD C:/ST/STM32CubeCLT_1.16.0/GNU-tools-for-STM32/bin/../lib/gcc/arm-none-eabi/12.3.1/../../../../arm-none-eabi/lib/thumb/v7e-m/nofp\libm.a
START GROUP
LOAD C:/ST/STM32CubeCLT_1.16.0/GNU-tools-for-STM32/bin/../lib/gcc/arm-none-eabi/12.3.1/thumb/v7e-m/nofp\libgcc.a
LOAD C:/ST/STM32CubeCLT_1.16.0/GNU-tools-for-STM32/bin/../lib/gcc/arm-none-eabi/12.3.1/../../../../arm-none-eabi/lib/thumb/v7e-m/nofp\libg.a
LOAD C:/ST/STM32CubeCLT_1.16.0/GNU-tools-for-STM32/bin/../lib/gcc/arm-none-eabi/12.3.1/../../../../arm-none-eabi/lib/thumb/v7e-m/nofp\libc.a
END GROUP
LOAD C:/ST/STM32CubeCLT_1.16.0/GNU-tools-for-STM32/bin/../lib/gcc/arm-none-eabi/12.3.1/thumb/v7e-m/nofp/crtend.o
LOAD C:/ST/STM32CubeCLT_1.16.0/GNU-tools-for-STM32/bin/../lib/gcc/arm-none-eabi/12.3.1/thumb/v7e-m/nofp/crtn.o
                0x20030000                        _estack = (ORIGIN (RAM) + LENGTH (RAM))
                0x00000200                        _Min_Heap_Size = 0x200
                0x00000400                        _Min_Stack_Size = 0x400

.isr_vector     0x08000000      0x1ac
                0x08000000                        . = ALIGN (0x4)
 *(.isr_vector)
 .isr_vector    0x08000000      0x1ac CMakeFiles/uart.elf.dir/Core/Startup/startup_stm32f427iihx.s.obj
                0x08000000                g_pfnVectors
                0x080001ac                        . = ALIGN (0x4)

.text           0x080001ac     0x3384
                0x080001ac                        . = ALIGN (0x4)
 *(.text)
 .text          0x080001ac       0x40 C:/ST/STM32CubeCLT_1.16.0/GNU-tools-for-STM32/bin/../lib/gcc/arm-none-eabi/12.3.1/thumb/v7e-m/nofp/crtbegin.o
 .text          0x080001ec       0x30 C:/ST/STM32CubeCLT_1.16.0/GNU-tools-for-STM32/bin/../lib/gcc/arm-none-eabi/12.3.1/thumb/v7e-m/nofp\libgcc.a(_aeabi_uldivmod.o)
                0x080001ec                __aeabi_uldivmod
 .text          0x0800021c      0x2bc C:/ST/STM32CubeCLT_1.16.0/GNU-tools-for-STM32/bin/../lib/gcc/arm-none-eabi/12.3.1/thumb/v7e-m/nofp\libgcc.a(_udivmoddi4.o)
                0x0800021c                __udivmoddi4
 .text          0x080004d8      0x9f4 C:/ST/STM32CubeCLT_1.16.0/GNU-tools-for-STM32/bin/../lib/gcc/arm-none-eabi/12.3.1/thumb/v7e-m/nofp\libgcc.a(unwind-arm.o)
                0x08000788                _Unwind_GetCFA
                0x0800078c                __gnu_Unwind_RaiseException
                0x080007f4                __gnu_Unwind_ForcedUnwind
                0x08000804                __gnu_Unwind_Resume
                0x08000848                __gnu_Unwind_Resume_or_Rethrow
                0x08000858                _Unwind_Complete
                0x0800085c                _Unwind_DeleteException
                0x08000868                _Unwind_VRS_Get
                0x080008b4                _Unwind_VRS_Set
                0x080008fc                __gnu_Unwind_Backtrace
                0x08000c18                __aeabi_unwind_cpp_pr0
                0x08000c1c                __aeabi_unwind_cpp_pr1
                0x08000c20                __aeabi_unwind_cpp_pr2
                0x08000c24                _Unwind_VRS_Pop
 .text          0x08000ecc      0x1ac C:/ST/STM32CubeCLT_1.16.0/GNU-tools-for-STM32/bin/../lib/gcc/arm-none-eabi/12.3.1/thumb/v7e-m/nofp\libgcc.a(libunwind.o)
                0x08000ecc                __restore_core_regs
                0x08000ecc                restore_core_regs
                0x08000ee4                __gnu_Unwind_Restore_VFP
                0x08000eec                __gnu_Unwind_Save_VFP
                0x08000ef4                __gnu_Unwind_Restore_VFP_D
                0x08000efc                __gnu_Unwind_Save_VFP_D
                0x08000f04                __gnu_Unwind_Restore_VFP_D_16_to_31
                0x08000f0c                __gnu_Unwind_Save_VFP_D_16_to_31
                0x08000f14                __gnu_Unwind_Restore_WMMXD
                0x08000f58                __gnu_Unwind_Save_WMMXD
                0x08000f9c                __gnu_Unwind_Restore_WMMXC
                0x08000fb0                __gnu_Unwind_Save_WMMXC
                0x08000fc4                ___Unwind_RaiseException
                0x08000fc4                _Unwind_RaiseException
                0x08000fe8                _Unwind_Resume
                0x08000fe8                ___Unwind_Resume
                0x0800100c                _Unwind_Resume_or_Rethrow
                0x0800100c                ___Unwind_Resume_or_Rethrow
                0x08001030                _Unwind_ForcedUnwind
                0x08001030                ___Unwind_ForcedUnwind
                0x08001054                ___Unwind_Backtrace
                0x08001054                _Unwind_Backtrace
 .text          0x08001078      0x378 C:/ST/STM32CubeCLT_1.16.0/GNU-tools-for-STM32/bin/../lib/gcc/arm-none-eabi/12.3.1/thumb/v7e-m/nofp\libgcc.a(pr-support.o)
                0x080010d0                __gnu_unwind_execute
                0x080013a4                __gnu_unwind_frame
                0x080013d0                _Unwind_GetRegionStart
                0x080013dc                _Unwind_GetLanguageSpecificData
 .text          0x080013f0        0x4 C:/ST/STM32CubeCLT_1.16.0/GNU-tools-for-STM32/bin/../lib/gcc/arm-none-eabi/12.3.1/thumb/v7e-m/nofp\libgcc.a(_dvmd_tls.o)
                0x080013f0                __aeabi_idiv0
                0x080013f0                __aeabi_ldiv0
 *(.text*)
 .text.HAL_UART_RxCpltCallback
                0x080013f4       0x28 CMakeFiles/uart.elf.dir/Core/Src/callback.cpp.obj
                0x080013f4                HAL_UART_RxCpltCallback
 .text.MX_GPIO_Init
                0x0800141c       0xe4 CMakeFiles/uart.elf.dir/Core/Src/gpio.c.obj
                0x0800141c                MX_GPIO_Init
 .text.Error_Handler
                0x08001500        0x4 CMakeFiles/uart.elf.dir/Core/Src/main.c.obj
                0x08001500                Error_Handler
 .text.SystemClock_Config
                0x08001504       0xb0 CMakeFiles/uart.elf.dir/Core/Src/main.c.obj
                0x08001504                SystemClock_Config
 .text.main     0x080015b4       0x3c CMakeFiles/uart.elf.dir/Core/Src/main.c.obj
                0x080015b4                main
 .text.HAL_MspInit
                0x080015f0       0x38 CMakeFiles/uart.elf.dir/Core/Src/stm32f4xx_hal_msp.c.obj
                0x080015f0                HAL_MspInit
 .text.NMI_Handler
                0x08001628        0x2 CMakeFiles/uart.elf.dir/Core/Src/stm32f4xx_it.c.obj
                0x08001628                NMI_Handler
 .text.HardFault_Handler
                0x0800162a        0x2 CMakeFiles/uart.elf.dir/Core/Src/stm32f4xx_it.c.obj
                0x0800162a                HardFault_Handler
 .text.MemManage_Handler
                0x0800162c        0x2 CMakeFiles/uart.elf.dir/Core/Src/stm32f4xx_it.c.obj
                0x0800162c                MemManage_Handler
 .text.BusFault_Handler
                0x0800162e        0x2 CMakeFiles/uart.elf.dir/Core/Src/stm32f4xx_it.c.obj
                0x0800162e                BusFault_Handler
 .text.UsageFault_Handler
                0x08001630        0x2 CMakeFiles/uart.elf.dir/Core/Src/stm32f4xx_it.c.obj
                0x08001630                UsageFault_Handler
 .text.SVC_Handler
                0x08001632        0x2 CMakeFiles/uart.elf.dir/Core/Src/stm32f4xx_it.c.obj
                0x08001632                SVC_Handler
 .text.DebugMon_Handler
                0x08001634        0x2 CMakeFiles/uart.elf.dir/Core/Src/stm32f4xx_it.c.obj
                0x08001634                DebugMon_Handler
 .text.PendSV_Handler
                0x08001636        0x2 CMakeFiles/uart.elf.dir/Core/Src/stm32f4xx_it.c.obj
                0x08001636                PendSV_Handler
 .text.SysTick_Handler
                0x08001638        0x8 CMakeFiles/uart.elf.dir/Core/Src/stm32f4xx_it.c.obj
                0x08001638                SysTick_Handler
 .text.EXTI2_IRQHandler
                0x08001640        0xa CMakeFiles/uart.elf.dir/Core/Src/stm32f4xx_it.c.obj
                0x08001640                EXTI2_IRQHandler
 *fill*         0x0800164a        0x2 
 .text.TIM1_UP_TIM10_IRQHandler
                0x0800164c       0x10 CMakeFiles/uart.elf.dir/Core/Src/stm32f4xx_it.c.obj
                0x0800164c                TIM1_UP_TIM10_IRQHandler
 .text.TIM6_DAC_IRQHandler
                0x0800165c       0x10 CMakeFiles/uart.elf.dir/Core/Src/stm32f4xx_it.c.obj
                0x0800165c                TIM6_DAC_IRQHandler
 .text.USART6_IRQHandler
                0x0800166c       0x10 CMakeFiles/uart.elf.dir/Core/Src/stm32f4xx_it.c.obj
                0x0800166c                USART6_IRQHandler
 .text._getpid  0x0800167c        0x4 CMakeFiles/uart.elf.dir/Core/Src/syscalls.c.obj
                0x0800167c                _getpid
 .text._kill    0x08001680       0x10 CMakeFiles/uart.elf.dir/Core/Src/syscalls.c.obj
                0x08001680                _kill
 .text._exit    0x08001690        0xc CMakeFiles/uart.elf.dir/Core/Src/syscalls.c.obj
                0x08001690                _exit
 .text.SystemInit
                0x0800169c        0x2 CMakeFiles/uart.elf.dir/Core/Src/system_stm32f4xx.c.obj
                0x0800169c                SystemInit
 *fill*         0x0800169e        0x2 
 .text.MX_TIM6_Init
                0x080016a0       0x50 CMakeFiles/uart.elf.dir/Core/Src/tim.c.obj
                0x080016a0                MX_TIM6_Init
 .text.HAL_TIM_Base_MspInit
                0x080016f0       0x74 CMakeFiles/uart.elf.dir/Core/Src/tim.c.obj
                0x080016f0                HAL_TIM_Base_MspInit
 .text.HAL_TIM_MspPostInit
                0x08001764       0x5c CMakeFiles/uart.elf.dir/Core/Src/tim.c.obj
                0x08001764                HAL_TIM_MspPostInit
 .text.MX_TIM1_Init
                0x080017c0       0xf0 CMakeFiles/uart.elf.dir/Core/Src/tim.c.obj
                0x080017c0                MX_TIM1_Init
 .text.MX_USART6_UART_Init
                0x080018b0       0x38 CMakeFiles/uart.elf.dir/Core/Src/usart.c.obj
                0x080018b0                MX_USART6_UART_Init
 .text.HAL_UART_MspInit
                0x080018e8       0x80 CMakeFiles/uart.elf.dir/Core/Src/usart.c.obj
                0x080018e8                HAL_UART_MspInit
 .text.Reset_Handler
                0x08001968       0x50 CMakeFiles/uart.elf.dir/Core/Startup/startup_stm32f427iihx.s.obj
                0x08001968                Reset_Handler
 .text.Default_Handler
                0x080019b8        0x2 CMakeFiles/uart.elf.dir/Core/Startup/startup_stm32f427iihx.s.obj
                0x080019b8                RTC_Alarm_IRQHandler
                0x080019b8                HASH_RNG_IRQHandler
                0x080019b8                TIM8_CC_IRQHandler
                0x080019b8                UART8_IRQHandler
                0x080019b8                SPI4_IRQHandler
                0x080019b8                TIM1_CC_IRQHandler
                0x080019b8                DMA2_Stream5_IRQHandler
                0x080019b8                DMA1_Stream5_IRQHandler
                0x080019b8                PVD_IRQHandler
                0x080019b8                SDIO_IRQHandler
                0x080019b8                TAMP_STAMP_IRQHandler
                0x080019b8                CAN2_RX1_IRQHandler
                0x080019b8                EXTI3_IRQHandler
                0x080019b8                TIM8_TRG_COM_TIM14_IRQHandler
                0x080019b8                TIM8_UP_TIM13_IRQHandler
                0x080019b8                I2C3_ER_IRQHandler
                0x080019b8                EXTI0_IRQHandler
                0x080019b8                I2C2_EV_IRQHandler
                0x080019b8                DMA1_Stream2_IRQHandler
                0x080019b8                CAN1_RX0_IRQHandler
                0x080019b8                FPU_IRQHandler
                0x080019b8                OTG_HS_WKUP_IRQHandler
                0x080019b8                CAN2_SCE_IRQHandler
                0x080019b8                DMA2_Stream2_IRQHandler
                0x080019b8                SPI1_IRQHandler
                0x080019b8                TIM1_BRK_TIM9_IRQHandler
                0x080019b8                DCMI_IRQHandler
                0x080019b8                CAN2_RX0_IRQHandler
                0x080019b8                DMA2_Stream3_IRQHandler
                0x080019b8                USART3_IRQHandler
                0x080019b8                CAN1_RX1_IRQHandler
                0x080019b8                UART5_IRQHandler
                0x080019b8                DMA2_Stream0_IRQHandler
                0x080019b8                TIM4_IRQHandler
                0x080019b8                I2C1_EV_IRQHandler
                0x080019b8                DMA1_Stream6_IRQHandler
                0x080019b8                DMA1_Stream1_IRQHandler
                0x080019b8                UART4_IRQHandler
                0x080019b8                TIM3_IRQHandler
                0x080019b8                RCC_IRQHandler
                0x080019b8                TIM8_BRK_TIM12_IRQHandler
                0x080019b8                Default_Handler
                0x080019b8                EXTI15_10_IRQHandler
                0x080019b8                ADC_IRQHandler
                0x080019b8                DMA1_Stream7_IRQHandler
                0x080019b8                SPI5_IRQHandler
                0x080019b8                TIM7_IRQHandler
                0x080019b8                CAN2_TX_IRQHandler
                0x080019b8                TIM5_IRQHandler
                0x080019b8                DMA2_Stream7_IRQHandler
                0x080019b8                I2C3_EV_IRQHandler
                0x080019b8                EXTI9_5_IRQHandler
                0x080019b8                RTC_WKUP_IRQHandler
                0x080019b8                ETH_WKUP_IRQHandler
                0x080019b8                SPI2_IRQHandler
                0x080019b8                OTG_HS_EP1_IN_IRQHandler
                0x080019b8                DMA1_Stream0_IRQHandler
                0x080019b8                CAN1_TX_IRQHandler
                0x080019b8                EXTI4_IRQHandler
                0x080019b8                ETH_IRQHandler
                0x080019b8                OTG_HS_EP1_OUT_IRQHandler
                0x080019b8                WWDG_IRQHandler
                0x080019b8                SPI6_IRQHandler
                0x080019b8                TIM2_IRQHandler
                0x080019b8                OTG_FS_WKUP_IRQHandler
                0x080019b8                TIM1_TRG_COM_TIM11_IRQHandler
                0x080019b8                OTG_HS_IRQHandler
                0x080019b8                DMA2D_IRQHandler
                0x080019b8                EXTI1_IRQHandler
                0x080019b8                UART7_IRQHandler
                0x080019b8                USART2_IRQHandler
                0x080019b8                I2C2_ER_IRQHandler
                0x080019b8                DMA2_Stream1_IRQHandler
                0x080019b8                CAN1_SCE_IRQHandler
                0x080019b8                FLASH_IRQHandler
                0x080019b8                DMA2_Stream4_IRQHandler
                0x080019b8                USART1_IRQHandler
                0x080019b8                OTG_FS_IRQHandler
                0x080019b8                SPI3_IRQHandler
                0x080019b8                DMA1_Stream4_IRQHandler
                0x080019b8                I2C1_ER_IRQHandler
                0x080019b8                FMC_IRQHandler
                0x080019b8                DMA2_Stream6_IRQHandler
                0x080019b8                SAI1_IRQHandler
                0x080019b8                DMA1_Stream3_IRQHandler
 *fill*         0x080019ba        0x2 
 .text.HAL_InitTick
                0x080019bc       0x4c CMakeFiles/uart.elf.dir/Drivers/STM32F4xx_HAL_Driver/Src/stm32f4xx_hal.c.obj
                0x080019bc                HAL_InitTick
 .text.HAL_Init
                0x08001a08       0x34 CMakeFiles/uart.elf.dir/Drivers/STM32F4xx_HAL_Driver/Src/stm32f4xx_hal.c.obj
                0x08001a08                HAL_Init
 .text.HAL_IncTick
                0x08001a3c       0x18 CMakeFiles/uart.elf.dir/Drivers/STM32F4xx_HAL_Driver/Src/stm32f4xx_hal.c.obj
                0x08001a3c                HAL_IncTick
 .text.HAL_GetTick
                0x08001a54        0xc CMakeFiles/uart.elf.dir/Drivers/STM32F4xx_HAL_Driver/Src/stm32f4xx_hal.c.obj
                0x08001a54                HAL_GetTick
 .text.__NVIC_EnableIRQ
                0x08001a60       0x1c CMakeFiles/uart.elf.dir/Drivers/STM32F4xx_HAL_Driver/Src/stm32f4xx_hal_cortex.c.obj
 .text.__NVIC_SetPriority
                0x08001a7c       0x28 CMakeFiles/uart.elf.dir/Drivers/STM32F4xx_HAL_Driver/Src/stm32f4xx_hal_cortex.c.obj
 .text.NVIC_EncodePriority
                0x08001aa4       0x3e CMakeFiles/uart.elf.dir/Drivers/STM32F4xx_HAL_Driver/Src/stm32f4xx_hal_cortex.c.obj
 *fill*         0x08001ae2        0x2 
 .text.HAL_NVIC_SetPriorityGrouping
                0x08001ae4       0x24 CMakeFiles/uart.elf.dir/Drivers/STM32F4xx_HAL_Driver/Src/stm32f4xx_hal_cortex.c.obj
                0x08001ae4                HAL_NVIC_SetPriorityGrouping
 .text.HAL_NVIC_SetPriority
                0x08001b08       0x20 CMakeFiles/uart.elf.dir/Drivers/STM32F4xx_HAL_Driver/Src/stm32f4xx_hal_cortex.c.obj
                0x08001b08                HAL_NVIC_SetPriority
 .text.HAL_NVIC_EnableIRQ
                0x08001b28        0x8 CMakeFiles/uart.elf.dir/Drivers/STM32F4xx_HAL_Driver/Src/stm32f4xx_hal_cortex.c.obj
                0x08001b28                HAL_NVIC_EnableIRQ
 .text.HAL_SYSTICK_Config
                0x08001b30       0x28 CMakeFiles/uart.elf.dir/Drivers/STM32F4xx_HAL_Driver/Src/stm32f4xx_hal_cortex.c.obj
                0x08001b30                HAL_SYSTICK_Config
 .text.HAL_DMA_Abort
                0x08001b58       0x94 CMakeFiles/uart.elf.dir/Drivers/STM32F4xx_HAL_Driver/Src/stm32f4xx_hal_dma.c.obj
                0x08001b58                HAL_DMA_Abort
 .text.HAL_DMA_Abort_IT
                0x08001bec       0x26 CMakeFiles/uart.elf.dir/Drivers/STM32F4xx_HAL_Driver/Src/stm32f4xx_hal_dma.c.obj
                0x08001bec                HAL_DMA_Abort_IT
 *fill*         0x08001c12        0x2 
 .text.HAL_GPIO_Init
                0x08001c14      0x20c CMakeFiles/uart.elf.dir/Drivers/STM32F4xx_HAL_Driver/Src/stm32f4xx_hal_gpio.c.obj
                0x08001c14                HAL_GPIO_Init
 .text.HAL_GPIO_WritePin
                0x08001e20        0xc CMakeFiles/uart.elf.dir/Drivers/STM32F4xx_HAL_Driver/Src/stm32f4xx_hal_gpio.c.obj
                0x08001e20                HAL_GPIO_WritePin
 .text.HAL_GPIO_EXTI_Callback
                0x08001e2c        0x2 CMakeFiles/uart.elf.dir/Drivers/STM32F4xx_HAL_Driver/Src/stm32f4xx_hal_gpio.c.obj
                0x08001e2c                HAL_GPIO_EXTI_Callback
 *fill*         0x08001e2e        0x2 
 .text.HAL_GPIO_EXTI_IRQHandler
                0x08001e30       0x1c CMakeFiles/uart.elf.dir/Drivers/STM32F4xx_HAL_Driver/Src/stm32f4xx_hal_gpio.c.obj
                0x08001e30                HAL_GPIO_EXTI_IRQHandler
 .text.HAL_PWREx_EnableOverDrive
                0x08001e4c       0x7c CMakeFiles/uart.elf.dir/Drivers/STM32F4xx_HAL_Driver/Src/stm32f4xx_hal_pwr_ex.c.obj
                0x08001e4c                HAL_PWREx_EnableOverDrive
 .text.HAL_RCC_OscConfig
                0x08001ec8      0x3f8 CMakeFiles/uart.elf.dir/Drivers/STM32F4xx_HAL_Driver/Src/stm32f4xx_hal_rcc.c.obj
                0x08001ec8                HAL_RCC_OscConfig
 .text.HAL_RCC_GetSysClockFreq
                0x080022c0       0xa8 CMakeFiles/uart.elf.dir/Drivers/STM32F4xx_HAL_Driver/Src/stm32f4xx_hal_rcc.c.obj
                0x080022c0                HAL_RCC_GetSysClockFreq
 .text.HAL_RCC_ClockConfig
                0x08002368      0x160 CMakeFiles/uart.elf.dir/Drivers/STM32F4xx_HAL_Driver/Src/stm32f4xx_hal_rcc.c.obj
                0x08002368                HAL_RCC_ClockConfig
 .text.HAL_RCC_GetHCLKFreq
                0x080024c8        0xc CMakeFiles/uart.elf.dir/Drivers/STM32F4xx_HAL_Driver/Src/stm32f4xx_hal_rcc.c.obj
                0x080024c8                HAL_RCC_GetHCLKFreq
 .text.HAL_RCC_GetPCLK1Freq
                0x080024d4       0x20 CMakeFiles/uart.elf.dir/Drivers/STM32F4xx_HAL_Driver/Src/stm32f4xx_hal_rcc.c.obj
                0x080024d4                HAL_RCC_GetPCLK1Freq
 .text.HAL_RCC_GetPCLK2Freq
                0x080024f4       0x20 CMakeFiles/uart.elf.dir/Drivers/STM32F4xx_HAL_Driver/Src/stm32f4xx_hal_rcc.c.obj
                0x080024f4                HAL_RCC_GetPCLK2Freq
 .text.TIM_OC1_SetConfig
                0x08002514       0x70 CMakeFiles/uart.elf.dir/Drivers/STM32F4xx_HAL_Driver/Src/stm32f4xx_hal_tim.c.obj
 .text.TIM_OC3_SetConfig
                0x08002584       0x70 CMakeFiles/uart.elf.dir/Drivers/STM32F4xx_HAL_Driver/Src/stm32f4xx_hal_tim.c.obj
 .text.TIM_OC4_SetConfig
                0x080025f4       0x50 CMakeFiles/uart.elf.dir/Drivers/STM32F4xx_HAL_Driver/Src/stm32f4xx_hal_tim.c.obj
 .text.TIM_TI1_ConfigInputStage
                0x08002644       0x24 CMakeFiles/uart.elf.dir/Drivers/STM32F4xx_HAL_Driver/Src/stm32f4xx_hal_tim.c.obj
 .text.TIM_TI2_ConfigInputStage
                0x08002668       0x26 CMakeFiles/uart.elf.dir/Drivers/STM32F4xx_HAL_Driver/Src/stm32f4xx_hal_tim.c.obj
 .text.TIM_ITRx_SetConfig
                0x0800268e       0x10 CMakeFiles/uart.elf.dir/Drivers/STM32F4xx_HAL_Driver/Src/stm32f4xx_hal_tim.c.obj
 .text.HAL_TIM_PWM_MspInit
                0x0800269e        0x2 CMakeFiles/uart.elf.dir/Drivers/STM32F4xx_HAL_Driver/Src/stm32f4xx_hal_tim.c.obj
                0x0800269e                HAL_TIM_PWM_MspInit
 .text.HAL_TIM_PeriodElapsedCallback
                0x080026a0        0x2 CMakeFiles/uart.elf.dir/Drivers/STM32F4xx_HAL_Driver/Src/stm32f4xx_hal_tim.c.obj
                0x080026a0                HAL_TIM_PeriodElapsedCallback
 .text.HAL_TIM_OC_DelayElapsedCallback
                0x080026a2        0x2 CMakeFiles/uart.elf.dir/Drivers/STM32F4xx_HAL_Driver/Src/stm32f4xx_hal_tim.c.obj
                0x080026a2                HAL_TIM_OC_DelayElapsedCallback
 .text.HAL_TIM_IC_CaptureCallback
                0x080026a4        0x2 CMakeFiles/uart.elf.dir/Drivers/STM32F4xx_HAL_Driver/Src/stm32f4xx_hal_tim.c.obj
                0x080026a4                HAL_TIM_IC_CaptureCallback
 .text.HAL_TIM_PWM_PulseFinishedCallback
                0x080026a6        0x2 CMakeFiles/uart.elf.dir/Drivers/STM32F4xx_HAL_Driver/Src/stm32f4xx_hal_tim.c.obj
                0x080026a6                HAL_TIM_PWM_PulseFinishedCallback
 .text.HAL_TIM_TriggerCallback
                0x080026a8        0x2 CMakeFiles/uart.elf.dir/Drivers/STM32F4xx_HAL_Driver/Src/stm32f4xx_hal_tim.c.obj
                0x080026a8                HAL_TIM_TriggerCallback
 .text.HAL_TIM_IRQHandler
                0x080026aa      0x15e CMakeFiles/uart.elf.dir/Drivers/STM32F4xx_HAL_Driver/Src/stm32f4xx_hal_tim.c.obj
                0x080026aa                HAL_TIM_IRQHandler
 .text.TIM_Base_SetConfig
                0x08002808       0xd8 CMakeFiles/uart.elf.dir/Drivers/STM32F4xx_HAL_Driver/Src/stm32f4xx_hal_tim.c.obj
                0x08002808                TIM_Base_SetConfig
 .text.HAL_TIM_Base_Init
                0x080028e0       0x58 CMakeFiles/uart.elf.dir/Drivers/STM32F4xx_HAL_Driver/Src/stm32f4xx_hal_tim.c.obj
                0x080028e0                HAL_TIM_Base_Init
 .text.HAL_TIM_PWM_Init
                0x08002938       0x58 CMakeFiles/uart.elf.dir/Drivers/STM32F4xx_HAL_Driver/Src/stm32f4xx_hal_tim.c.obj
                0x08002938                HAL_TIM_PWM_Init
 .text.TIM_OC2_SetConfig
                0x08002990       0x70 CMakeFiles/uart.elf.dir/Drivers/STM32F4xx_HAL_Driver/Src/stm32f4xx_hal_tim.c.obj
                0x08002990                TIM_OC2_SetConfig
 .text.HAL_TIM_PWM_ConfigChannel
                0x08002a00       0xdc CMakeFiles/uart.elf.dir/Drivers/STM32F4xx_HAL_Driver/Src/stm32f4xx_hal_tim.c.obj
                0x08002a00                HAL_TIM_PWM_ConfigChannel
 .text.TIM_ETR_SetConfig
                0x08002adc       0x18 CMakeFiles/uart.elf.dir/Drivers/STM32F4xx_HAL_Driver/Src/stm32f4xx_hal_tim.c.obj
                0x08002adc                TIM_ETR_SetConfig
 .text.HAL_TIM_ConfigClockSource
                0x08002af4       0xfe CMakeFiles/uart.elf.dir/Drivers/STM32F4xx_HAL_Driver/Src/stm32f4xx_hal_tim.c.obj
                0x08002af4                HAL_TIM_ConfigClockSource
 *fill*         0x08002bf2        0x2 
 .text.HAL_TIMEx_MasterConfigSynchronization
                0x08002bf4       0x8c CMakeFiles/uart.elf.dir/Drivers/STM32F4xx_HAL_Driver/Src/stm32f4xx_hal_tim_ex.c.obj
                0x08002bf4                HAL_TIMEx_MasterConfigSynchronization
 .text.HAL_TIMEx_ConfigBreakDeadTime
                0x08002c80       0x52 CMakeFiles/uart.elf.dir/Drivers/STM32F4xx_HAL_Driver/Src/stm32f4xx_hal_tim_ex.c.obj
                0x08002c80                HAL_TIMEx_ConfigBreakDeadTime
 .text.HAL_TIMEx_CommutCallback
                0x08002cd2        0x2 CMakeFiles/uart.elf.dir/Drivers/STM32F4xx_HAL_Driver/Src/stm32f4xx_hal_tim_ex.c.obj
                0x08002cd2                HAL_TIMEx_CommutCallback
 .text.HAL_TIMEx_BreakCallback
                0x08002cd4        0x2 CMakeFiles/uart.elf.dir/Drivers/STM32F4xx_HAL_Driver/Src/stm32f4xx_hal_tim_ex.c.obj
                0x08002cd4                HAL_TIMEx_BreakCallback
 .text.UART_EndRxTransfer
                0x08002cd6       0x5c CMakeFiles/uart.elf.dir/Drivers/STM32F4xx_HAL_Driver/Src/stm32f4xx_hal_uart.c.obj
 .text.UART_Transmit_IT
                0x08002d32       0x60 CMakeFiles/uart.elf.dir/Drivers/STM32F4xx_HAL_Driver/Src/stm32f4xx_hal_uart.c.obj
 *fill*         0x08002d92        0x2 
 .text.UART_SetConfig
                0x08002d94      0x110 CMakeFiles/uart.elf.dir/Drivers/STM32F4xx_HAL_Driver/Src/stm32f4xx_hal_uart.c.obj
 .text.HAL_UART_Init
                0x08002ea4       0x60 CMakeFiles/uart.elf.dir/Drivers/STM32F4xx_HAL_Driver/Src/stm32f4xx_hal_uart.c.obj
                0x08002ea4                HAL_UART_Init
 .text.HAL_UART_Transmit_IT
                0x08002f04       0x38 CMakeFiles/uart.elf.dir/Drivers/STM32F4xx_HAL_Driver/Src/stm32f4xx_hal_uart.c.obj
                0x08002f04                HAL_UART_Transmit_IT
 .text.HAL_UART_TxCpltCallback
                0x08002f3c        0x2 CMakeFiles/uart.elf.dir/Drivers/STM32F4xx_HAL_Driver/Src/stm32f4xx_hal_uart.c.obj
                0x08002f3c                HAL_UART_TxCpltCallback
 .text.UART_EndTransmit_IT
                0x08002f3e       0x1a CMakeFiles/uart.elf.dir/Drivers/STM32F4xx_HAL_Driver/Src/stm32f4xx_hal_uart.c.obj
 .text.HAL_UART_ErrorCallback
                0x08002f58        0x2 CMakeFiles/uart.elf.dir/Drivers/STM32F4xx_HAL_Driver/Src/stm32f4xx_hal_uart.c.obj
                0x08002f58                HAL_UART_ErrorCallback
 .text.UART_DMAAbortOnError
                0x08002f5a       0x10 CMakeFiles/uart.elf.dir/Drivers/STM32F4xx_HAL_Driver/Src/stm32f4xx_hal_uart.c.obj
 .text.HAL_UARTEx_RxEventCallback
                0x08002f6a        0x2 CMakeFiles/uart.elf.dir/Drivers/STM32F4xx_HAL_Driver/Src/stm32f4xx_hal_uart.c.obj
                0x08002f6a                HAL_UARTEx_RxEventCallback
 .text.UART_Receive_IT
                0x08002f6c       0xe6 CMakeFiles/uart.elf.dir/Drivers/STM32F4xx_HAL_Driver/Src/stm32f4xx_hal_uart.c.obj
 *fill*         0x08003052        0x2 
 .text.HAL_UART_IRQHandler
                0x08003054      0x284 CMakeFiles/uart.elf.dir/Drivers/STM32F4xx_HAL_Driver/Src/stm32f4xx_hal_uart.c.obj
                0x08003054                HAL_UART_IRQHandler
 .text.UART_Start_Receive_IT
                0x080032d8       0x36 CMakeFiles/uart.elf.dir/Drivers/STM32F4xx_HAL_Driver/Src/stm32f4xx_hal_uart.c.obj
                0x080032d8                UART_Start_Receive_IT
 .text.HAL_UART_Receive_IT
                0x0800330e       0x26 CMakeFiles/uart.elf.dir/Drivers/STM32F4xx_HAL_Driver/Src/stm32f4xx_hal_uart.c.obj
                0x0800330e                HAL_UART_Receive_IT
 .text.abort    0x08003334        0xe C:/ST/STM32CubeCLT_1.16.0/GNU-tools-for-STM32/bin/../lib/gcc/arm-none-eabi/12.3.1/../../../../arm-none-eabi/lib/thumb/v7e-m/nofp\libg.a(libc_a-abort.o)
                0x08003334                abort
 .text.memset   0x08003342       0x10 C:/ST/STM32CubeCLT_1.16.0/GNU-tools-for-STM32/bin/../lib/gcc/arm-none-eabi/12.3.1/../../../../arm-none-eabi/lib/thumb/v7e-m/nofp\libg.a(libc_a-memset.o)
                0x08003342                memset
 .text._raise_r
                0x08003352       0x52 C:/ST/STM32CubeCLT_1.16.0/GNU-tools-for-STM32/bin/../lib/gcc/arm-none-eabi/12.3.1/../../../../arm-none-eabi/lib/thumb/v7e-m/nofp\libg.a(libc_a-signal.o)
                0x08003352                _raise_r
 .text.raise    0x080033a4       0x10 C:/ST/STM32CubeCLT_1.16.0/GNU-tools-for-STM32/bin/../lib/gcc/arm-none-eabi/12.3.1/../../../../arm-none-eabi/lib/thumb/v7e-m/nofp\libg.a(libc_a-signal.o)
                0x080033a4                raise
 .text._kill_r  0x080033b4       0x24 C:/ST/STM32CubeCLT_1.16.0/GNU-tools-for-STM32/bin/../lib/gcc/arm-none-eabi/12.3.1/../../../../arm-none-eabi/lib/thumb/v7e-m/nofp\libg.a(libc_a-signalr.o)
                0x080033b4                _kill_r
 .text._getpid_r
                0x080033d8        0x4 C:/ST/STM32CubeCLT_1.16.0/GNU-tools-for-STM32/bin/../lib/gcc/arm-none-eabi/12.3.1/../../../../arm-none-eabi/lib/thumb/v7e-m/nofp\libg.a(libc_a-signalr.o)
                0x080033d8                _getpid_r
 .text.__errno  0x080033dc        0xc C:/ST/STM32CubeCLT_1.16.0/GNU-tools-for-STM32/bin/../lib/gcc/arm-none-eabi/12.3.1/../../../../arm-none-eabi/lib/thumb/v7e-m/nofp\libg.a(libc_a-errno.o)
                0x080033dc                __errno
 .text.__libc_init_array
                0x080033e8       0x48 C:/ST/STM32CubeCLT_1.16.0/GNU-tools-for-STM32/bin/../lib/gcc/arm-none-eabi/12.3.1/../../../../arm-none-eabi/lib/thumb/v7e-m/nofp\libg.a(libc_a-init.o)
                0x080033e8                __libc_init_array
 .text.__retarget_lock_acquire_recursive
                0x08003430        0x2 C:/ST/STM32CubeCLT_1.16.0/GNU-tools-for-STM32/bin/../lib/gcc/arm-none-eabi/12.3.1/../../../../arm-none-eabi/lib/thumb/v7e-m/nofp\libg.a(libc_a-lock.o)
                0x08003430                __retarget_lock_acquire_recursive
 .text.__retarget_lock_release_recursive
                0x08003432        0x2 C:/ST/STM32CubeCLT_1.16.0/GNU-tools-for-STM32/bin/../lib/gcc/arm-none-eabi/12.3.1/../../../../arm-none-eabi/lib/thumb/v7e-m/nofp\libg.a(libc_a-lock.o)
                0x08003432                __retarget_lock_release_recursive
 .text.memcpy   0x08003434       0x1c C:/ST/STM32CubeCLT_1.16.0/GNU-tools-for-STM32/bin/../lib/gcc/arm-none-eabi/12.3.1/../../../../arm-none-eabi/lib/thumb/v7e-m/nofp\libg.a(libc_a-memcpy-stub.o)
                0x08003434                memcpy
 .text.startup.register_fini
                0x08003450       0x14 C:/ST/STM32CubeCLT_1.16.0/GNU-tools-for-STM32/bin/../lib/gcc/arm-none-eabi/12.3.1/../../../../arm-none-eabi/lib/thumb/v7e-m/nofp\libg.a(libc_a-__call_atexit.o)
 .text.atexit   0x08003464        0xc C:/ST/STM32CubeCLT_1.16.0/GNU-tools-for-STM32/bin/../lib/gcc/arm-none-eabi/12.3.1/../../../../arm-none-eabi/lib/thumb/v7e-m/nofp\libg.a(libc_a-atexit.o)
                0x08003464                atexit
 .text.__libc_fini_array
                0x08003470       0x28 C:/ST/STM32CubeCLT_1.16.0/GNU-tools-for-STM32/bin/../lib/gcc/arm-none-eabi/12.3.1/../../../../arm-none-eabi/lib/thumb/v7e-m/nofp\libg.a(libc_a-fini.o)
                0x08003470                __libc_fini_array
 .text.__register_exitproc
                0x08003498       0x80 C:/ST/STM32CubeCLT_1.16.0/GNU-tools-for-STM32/bin/../lib/gcc/arm-none-eabi/12.3.1/../../../../arm-none-eabi/lib/thumb/v7e-m/nofp\libg.a(libc_a-__atexit.o)
                0x08003498                __register_exitproc
 *(.glue_7)
 .glue_7        0x08003518        0x0 linker stubs
 *(.glue_7t)
 .glue_7t       0x08003518        0x0 linker stubs
 *(.eh_frame)
 .eh_frame      0x08003518        0x0 C:/ST/STM32CubeCLT_1.16.0/GNU-tools-for-STM32/bin/../lib/gcc/arm-none-eabi/12.3.1/thumb/v7e-m/nofp/crtbegin.o
 *(.init)
 .init          0x08003518        0x4 C:/ST/STM32CubeCLT_1.16.0/GNU-tools-for-STM32/bin/../lib/gcc/arm-none-eabi/12.3.1/thumb/v7e-m/nofp/crti.o
                0x08003518                _init
 .init          0x0800351c        0x8 C:/ST/STM32CubeCLT_1.16.0/GNU-tools-for-STM32/bin/../lib/gcc/arm-none-eabi/12.3.1/thumb/v7e-m/nofp/crtn.o
 *(.fini)
 .fini          0x08003524        0x4 C:/ST/STM32CubeCLT_1.16.0/GNU-tools-for-STM32/bin/../lib/gcc/arm-none-eabi/12.3.1/thumb/v7e-m/nofp/crti.o
                0x08003524                _fini
 .fini          0x08003528        0x8 C:/ST/STM32CubeCLT_1.16.0/GNU-tools-for-STM32/bin/../lib/gcc/arm-none-eabi/12.3.1/thumb/v7e-m/nofp/crtn.o
                0x08003530                        . = ALIGN (0x4)
                0x08003530                        _etext = .

.vfp11_veneer   0x08003530        0x0
 .vfp11_veneer  0x08003530        0x0 linker stubs

.v4_bx          0x08003530        0x0
 .v4_bx         0x08003530        0x0 linker stubs

.iplt           0x08003530        0x0
 .iplt          0x08003530        0x0 C:/ST/STM32CubeCLT_1.16.0/GNU-tools-for-STM32/bin/../lib/gcc/arm-none-eabi/12.3.1/thumb/v7e-m/nofp/crtbegin.o

.rodata         0x08003530       0x18
                0x08003530                        . = ALIGN (0x4)
 *(.rodata)
 *(.rodata*)
 .rodata.APBPrescTable
                0x08003530        0x8 CMakeFiles/uart.elf.dir/Core/Src/system_stm32f4xx.c.obj
                0x08003530                APBPrescTable
 .rodata.AHBPrescTable
                0x08003538       0x10 CMakeFiles/uart.elf.dir/Core/Src/system_stm32f4xx.c.obj
                0x08003538                AHBPrescTable
                0x08003548                        . = ALIGN (0x4)

.ARM.extab      0x08003548       0x24
                0x08003548                        . = ALIGN (0x4)
 *(.ARM.extab* .gnu.linkonce.armextab.*)
 .ARM.extab.text.HAL_UART_RxCpltCallback
                0x08003548        0xc CMakeFiles/uart.elf.dir/Core/Src/callback.cpp.obj
 .ARM.extab     0x08003554       0x18 C:/ST/STM32CubeCLT_1.16.0/GNU-tools-for-STM32/bin/../lib/gcc/arm-none-eabi/12.3.1/thumb/v7e-m/nofp\libgcc.a(pr-support.o)
                0x0800356c                        . = ALIGN (0x4)

.ARM            0x0800356c       0xc8
                0x0800356c                        . = ALIGN (0x4)
                0x0800356c                        __exidx_start = .
 *(.ARM.exidx*)
 .ARM.exidx     0x0800356c        0x8 C:/ST/STM32CubeCLT_1.16.0/GNU-tools-for-STM32/bin/../lib/gcc/arm-none-eabi/12.3.1/thumb/v7e-m/nofp\libgcc.a(_udivmoddi4.o)
 .ARM.exidx     0x08003574       0x78 C:/ST/STM32CubeCLT_1.16.0/GNU-tools-for-STM32/bin/../lib/gcc/arm-none-eabi/12.3.1/thumb/v7e-m/nofp\libgcc.a(unwind-arm.o)
                                 0xd8 (size before relaxing)
 .ARM.exidx     0x080035ec       0x38 C:/ST/STM32CubeCLT_1.16.0/GNU-tools-for-STM32/bin/../lib/gcc/arm-none-eabi/12.3.1/thumb/v7e-m/nofp\libgcc.a(pr-support.o)
 .ARM.exidx.text.HAL_UART_RxCpltCallback
                0x08003624       0x10 CMakeFiles/uart.elf.dir/Core/Src/callback.cpp.obj
                                  0x8 (size before relaxing)
                0x08003634                        __exidx_end = .
                0x08003634                        . = ALIGN (0x4)

.preinit_array  0x08003634        0x0
                0x08003634                        . = ALIGN (0x4)
                0x08003634                        PROVIDE (__preinit_array_start = .)
 *(.preinit_array*)
                0x08003634                        PROVIDE (__preinit_array_end = .)
                0x08003634                        . = ALIGN (0x4)

.init_array     0x08003634        0x8
                0x08003634                        . = ALIGN (0x4)
                0x08003634                        PROVIDE (__init_array_start = .)
 *(SORT_BY_NAME(.init_array.*))
 .init_array.00000
                0x08003634        0x4 C:/ST/STM32CubeCLT_1.16.0/GNU-tools-for-STM32/bin/../lib/gcc/arm-none-eabi/12.3.1/../../../../arm-none-eabi/lib/thumb/v7e-m/nofp\libg.a(libc_a-__call_atexit.o)
 *(.init_array*)
 .init_array    0x08003638        0x4 C:/ST/STM32CubeCLT_1.16.0/GNU-tools-for-STM32/bin/../lib/gcc/arm-none-eabi/12.3.1/thumb/v7e-m/nofp/crtbegin.o
                0x0800363c                        PROVIDE (__init_array_end = .)
                0x0800363c                        . = ALIGN (0x4)

.fini_array     0x0800363c        0x4
                0x0800363c                        . = ALIGN (0x4)
                0x0800363c                        PROVIDE (__fini_array_start = .)
 *(SORT_BY_NAME(.fini_array.*))
 *(.fini_array*)
 .fini_array    0x0800363c        0x4 C:/ST/STM32CubeCLT_1.16.0/GNU-tools-for-STM32/bin/../lib/gcc/arm-none-eabi/12.3.1/thumb/v7e-m/nofp/crtbegin.o
                0x08003640                        PROVIDE (__fini_array_end = .)
                0x08003640                        . = ALIGN (0x4)
                0x08003640                        _sidata = LOADADDR (.data)

.rel.dyn        0x08003640        0x0
 .rel.iplt      0x08003640        0x0 C:/ST/STM32CubeCLT_1.16.0/GNU-tools-for-STM32/bin/../lib/gcc/arm-none-eabi/12.3.1/thumb/v7e-m/nofp/crtbegin.o

.data           0x20000000      0x134 load address 0x08003640
                0x20000000                        . = ALIGN (0x4)
                0x20000000                        _sdata = .
 *(.data)
 *(.data*)
 .data.SystemCoreClock
                0x20000000        0x4 CMakeFiles/uart.elf.dir/Core/Src/system_stm32f4xx.c.obj
                0x20000000                SystemCoreClock
 .data.uwTickFreq
                0x20000004        0x1 CMakeFiles/uart.elf.dir/Drivers/STM32F4xx_HAL_Driver/Src/stm32f4xx_hal.c.obj
                0x20000004                uwTickFreq
 *fill*         0x20000005        0x3 
 .data.uwTickPrio
                0x20000008        0x4 CMakeFiles/uart.elf.dir/Drivers/STM32F4xx_HAL_Driver/Src/stm32f4xx_hal.c.obj
                0x20000008                uwTickPrio
 .data._impure_ptr
                0x2000000c        0x4 C:/ST/STM32CubeCLT_1.16.0/GNU-tools-for-STM32/bin/../lib/gcc/arm-none-eabi/12.3.1/../../../../arm-none-eabi/lib/thumb/v7e-m/nofp\libg.a(libc_a-impure.o)
                0x2000000c                _impure_ptr
 .data._impure_data
                0x20000010      0x120 C:/ST/STM32CubeCLT_1.16.0/GNU-tools-for-STM32/bin/../lib/gcc/arm-none-eabi/12.3.1/../../../../arm-none-eabi/lib/thumb/v7e-m/nofp\libg.a(libc_a-impure.o)
                0x20000010                _impure_data
 .data.__atexit_recursive_mutex
                0x20000130        0x4 C:/ST/STM32CubeCLT_1.16.0/GNU-tools-for-STM32/bin/../lib/gcc/arm-none-eabi/12.3.1/../../../../arm-none-eabi/lib/thumb/v7e-m/nofp\libg.a(libc_a-__call_atexit.o)
                0x20000130                __atexit_recursive_mutex
 *(.RamFunc)
 *(.RamFunc*)
                0x20000134                        . = ALIGN (0x4)
                0x20000134                        _edata = .
                0x08003774                        _siccmram = LOADADDR (.ccmram)

.igot.plt       0x20000134        0x0 load address 0x08003774
 .igot.plt      0x20000134        0x0 C:/ST/STM32CubeCLT_1.16.0/GNU-tools-for-STM32/bin/../lib/gcc/arm-none-eabi/12.3.1/thumb/v7e-m/nofp/crtbegin.o

.ccmram         0x10000000        0x0 load address 0x08003774
                0x10000000                        . = ALIGN (0x4)
                0x10000000                        _sccmram = .
 *(.ccmram)
 *(.ccmram*)
                0x10000000                        . = ALIGN (0x4)
                0x10000000                        _eccmram = .
                0x10000000                        . = ALIGN (0x4)

.bss            0x20000134      0x3dc
                0x20000134                        _sbss = .
                0x20000134                        __bss_start__ = _sbss
 *(.bss)
 .bss           0x20000134       0x1c C:/ST/STM32CubeCLT_1.16.0/GNU-tools-for-STM32/bin/../lib/gcc/arm-none-eabi/12.3.1/thumb/v7e-m/nofp/crtbegin.o
 *(.bss*)
 .bss.rx_buff   0x20000150        0x8 CMakeFiles/uart.elf.dir/Core/Src/main.c.obj
                0x20000150                rx_buff
 .bss.tx_buff   0x20000158        0x8 CMakeFiles/uart.elf.dir/Core/Src/main.c.obj
                0x20000158                tx_buff
 .bss.htim6     0x20000160       0x48 CMakeFiles/uart.elf.dir/Core/Src/tim.c.obj
                0x20000160                htim6
 .bss.htim1     0x200001a8       0x48 CMakeFiles/uart.elf.dir/Core/Src/tim.c.obj
                0x200001a8                htim1
 .bss.huart6    0x200001f0       0x48 CMakeFiles/uart.elf.dir/Core/Src/usart.c.obj
                0x200001f0                huart6
 .bss.uwTick    0x20000238        0x4 CMakeFiles/uart.elf.dir/Drivers/STM32F4xx_HAL_Driver/Src/stm32f4xx_hal.c.obj
                0x20000238                uwTick
 .bss.__sf      0x2000023c      0x138 C:/ST/STM32CubeCLT_1.16.0/GNU-tools-for-STM32/bin/../lib/gcc/arm-none-eabi/12.3.1/../../../../arm-none-eabi/lib/thumb/v7e-m/nofp\libg.a(libc_a-findfp.o)
                0x2000023c                __sf
 .bss.errno     0x20000374        0x4 C:/ST/STM32CubeCLT_1.16.0/GNU-tools-for-STM32/bin/../lib/gcc/arm-none-eabi/12.3.1/../../../../arm-none-eabi/lib/thumb/v7e-m/nofp\libg.a(libc_a-reent.o)
                0x20000374                errno
 .bss.__lock___atexit_recursive_mutex
                0x20000378        0x1 C:/ST/STM32CubeCLT_1.16.0/GNU-tools-for-STM32/bin/../lib/gcc/arm-none-eabi/12.3.1/../../../../arm-none-eabi/lib/thumb/v7e-m/nofp\libg.a(libc_a-lock.o)
                0x20000378                __lock___atexit_recursive_mutex
 *fill*         0x20000379        0x3 
 .bss.__atexit  0x2000037c        0x4 C:/ST/STM32CubeCLT_1.16.0/GNU-tools-for-STM32/bin/../lib/gcc/arm-none-eabi/12.3.1/../../../../arm-none-eabi/lib/thumb/v7e-m/nofp\libg.a(libc_a-__call_atexit.o)
                0x2000037c                __atexit
 .bss.__atexit0
                0x20000380      0x190 C:/ST/STM32CubeCLT_1.16.0/GNU-tools-for-STM32/bin/../lib/gcc/arm-none-eabi/12.3.1/../../../../arm-none-eabi/lib/thumb/v7e-m/nofp\libg.a(libc_a-__atexit.o)
                0x20000380                __atexit0
 *(COMMON)
                0x20000510                        . = ALIGN (0x4)
                0x20000510                        _ebss = .
                0x20000510                        __bss_end__ = _ebss

._user_heap_stack
                0x20000510      0x600
                0x20000510                        . = ALIGN (0x8)
                [!provide]                        PROVIDE (end = .)
                0x20000510                        PROVIDE (_end = .)
                0x20000710                        . = (. + _Min_Heap_Size)
 *fill*         0x20000510      0x200 
                0x20000b10                        . = (. + _Min_Stack_Size)
 *fill*         0x20000710      0x400 
                0x20000b10                        . = ALIGN (0x8)

/DISCARD/
 libc.a(*)
 libm.a(*)
 libgcc.a(*)

.ARM.attributes
                0x00000000       0x2a
 *(.ARM.attributes)
 .ARM.attributes
                0x00000000       0x1e C:/ST/STM32CubeCLT_1.16.0/GNU-tools-for-STM32/bin/../lib/gcc/arm-none-eabi/12.3.1/thumb/v7e-m/nofp/crti.o
 .ARM.attributes
                0x0000001e       0x2e C:/ST/STM32CubeCLT_1.16.0/GNU-tools-for-STM32/bin/../lib/gcc/arm-none-eabi/12.3.1/thumb/v7e-m/nofp/crtbegin.o
 .ARM.attributes
                0x0000004c       0x2e CMakeFiles/uart.elf.dir/Core/Src/callback.cpp.obj
 .ARM.attributes
                0x0000007a       0x2e CMakeFiles/uart.elf.dir/Core/Src/gpio.c.obj
 .ARM.attributes
                0x000000a8       0x2e CMakeFiles/uart.elf.dir/Core/Src/main.c.obj
 .ARM.attributes
                0x000000d6       0x2e CMakeFiles/uart.elf.dir/Core/Src/stm32f4xx_hal_msp.c.obj
 .ARM.attributes
                0x00000104       0x2e CMakeFiles/uart.elf.dir/Core/Src/stm32f4xx_it.c.obj
 .ARM.attributes
                0x00000132       0x2e CMakeFiles/uart.elf.dir/Core/Src/syscalls.c.obj
 .ARM.attributes
                0x00000160       0x2e CMakeFiles/uart.elf.dir/Core/Src/system_stm32f4xx.c.obj
 .ARM.attributes
                0x0000018e       0x2e CMakeFiles/uart.elf.dir/Core/Src/tim.c.obj
 .ARM.attributes
                0x000001bc       0x2e CMakeFiles/uart.elf.dir/Core/Src/usart.c.obj
 .ARM.attributes
                0x000001ea       0x21 CMakeFiles/uart.elf.dir/Core/Startup/startup_stm32f427iihx.s.obj
 .ARM.attributes
                0x0000020b       0x2e CMakeFiles/uart.elf.dir/Drivers/STM32F4xx_HAL_Driver/Src/stm32f4xx_hal.c.obj
 .ARM.attributes
                0x00000239       0x2e CMakeFiles/uart.elf.dir/Drivers/STM32F4xx_HAL_Driver/Src/stm32f4xx_hal_cortex.c.obj
 .ARM.attributes
                0x00000267       0x2e CMakeFiles/uart.elf.dir/Drivers/STM32F4xx_HAL_Driver/Src/stm32f4xx_hal_dma.c.obj
 .ARM.attributes
                0x00000295       0x2e CMakeFiles/uart.elf.dir/Drivers/STM32F4xx_HAL_Driver/Src/stm32f4xx_hal_gpio.c.obj
 .ARM.attributes
                0x000002c3       0x2e CMakeFiles/uart.elf.dir/Drivers/STM32F4xx_HAL_Driver/Src/stm32f4xx_hal_pwr_ex.c.obj
 .ARM.attributes
                0x000002f1       0x2e CMakeFiles/uart.elf.dir/Drivers/STM32F4xx_HAL_Driver/Src/stm32f4xx_hal_rcc.c.obj
 .ARM.attributes
                0x0000031f       0x2e CMakeFiles/uart.elf.dir/Drivers/STM32F4xx_HAL_Driver/Src/stm32f4xx_hal_tim.c.obj
 .ARM.attributes
                0x0000034d       0x2e CMakeFiles/uart.elf.dir/Drivers/STM32F4xx_HAL_Driver/Src/stm32f4xx_hal_tim_ex.c.obj
 .ARM.attributes
                0x0000037b       0x2e CMakeFiles/uart.elf.dir/Drivers/STM32F4xx_HAL_Driver/Src/stm32f4xx_hal_uart.c.obj
 .ARM.attributes
                0x000003a9       0x1e C:/ST/STM32CubeCLT_1.16.0/GNU-tools-for-STM32/bin/../lib/gcc/arm-none-eabi/12.3.1/thumb/v7e-m/nofp\libgcc.a(_aeabi_uldivmod.o)
 .ARM.attributes
                0x000003c7       0x2e C:/ST/STM32CubeCLT_1.16.0/GNU-tools-for-STM32/bin/../lib/gcc/arm-none-eabi/12.3.1/thumb/v7e-m/nofp\libgcc.a(_udivmoddi4.o)
 .ARM.attributes
                0x000003f5       0x2e C:/ST/STM32CubeCLT_1.16.0/GNU-tools-for-STM32/bin/../lib/gcc/arm-none-eabi/12.3.1/thumb/v7e-m/nofp\libgcc.a(unwind-arm.o)
 .ARM.attributes
                0x00000423       0x1e C:/ST/STM32CubeCLT_1.16.0/GNU-tools-for-STM32/bin/../lib/gcc/arm-none-eabi/12.3.1/thumb/v7e-m/nofp\libgcc.a(libunwind.o)
 .ARM.attributes
                0x00000441       0x2e C:/ST/STM32CubeCLT_1.16.0/GNU-tools-for-STM32/bin/../lib/gcc/arm-none-eabi/12.3.1/thumb/v7e-m/nofp\libgcc.a(pr-support.o)
 .ARM.attributes
                0x0000046f       0x1e C:/ST/STM32CubeCLT_1.16.0/GNU-tools-for-STM32/bin/../lib/gcc/arm-none-eabi/12.3.1/thumb/v7e-m/nofp\libgcc.a(_dvmd_tls.o)
 .ARM.attributes
                0x0000048d       0x2e C:/ST/STM32CubeCLT_1.16.0/GNU-tools-for-STM32/bin/../lib/gcc/arm-none-eabi/12.3.1/../../../../arm-none-eabi/lib/thumb/v7e-m/nofp\libg.a(libc_a-abort.o)
 .ARM.attributes
                0x000004bb       0x2e C:/ST/STM32CubeCLT_1.16.0/GNU-tools-for-STM32/bin/../lib/gcc/arm-none-eabi/12.3.1/../../../../arm-none-eabi/lib/thumb/v7e-m/nofp\libg.a(libc_a-findfp.o)
 .ARM.attributes
                0x000004e9       0x2e C:/ST/STM32CubeCLT_1.16.0/GNU-tools-for-STM32/bin/../lib/gcc/arm-none-eabi/12.3.1/../../../../arm-none-eabi/lib/thumb/v7e-m/nofp\libg.a(libc_a-memset.o)
 .ARM.attributes
                0x00000517       0x2e C:/ST/STM32CubeCLT_1.16.0/GNU-tools-for-STM32/bin/../lib/gcc/arm-none-eabi/12.3.1/../../../../arm-none-eabi/lib/thumb/v7e-m/nofp\libg.a(libc_a-signal.o)
 .ARM.attributes
                0x00000545       0x2e C:/ST/STM32CubeCLT_1.16.0/GNU-tools-for-STM32/bin/../lib/gcc/arm-none-eabi/12.3.1/../../../../arm-none-eabi/lib/thumb/v7e-m/nofp\libg.a(libc_a-reent.o)
 .ARM.attributes
                0x00000573       0x2e C:/ST/STM32CubeCLT_1.16.0/GNU-tools-for-STM32/bin/../lib/gcc/arm-none-eabi/12.3.1/../../../../arm-none-eabi/lib/thumb/v7e-m/nofp\libg.a(libc_a-impure.o)
 .ARM.attributes
                0x000005a1       0x2e C:/ST/STM32CubeCLT_1.16.0/GNU-tools-for-STM32/bin/../lib/gcc/arm-none-eabi/12.3.1/../../../../arm-none-eabi/lib/thumb/v7e-m/nofp\libg.a(libc_a-signalr.o)
 .ARM.attributes
                0x000005cf       0x2e C:/ST/STM32CubeCLT_1.16.0/GNU-tools-for-STM32/bin/../lib/gcc/arm-none-eabi/12.3.1/../../../../arm-none-eabi/lib/thumb/v7e-m/nofp\libg.a(libc_a-errno.o)
 .ARM.attributes
                0x000005fd       0x2e C:/ST/STM32CubeCLT_1.16.0/GNU-tools-for-STM32/bin/../lib/gcc/arm-none-eabi/12.3.1/../../../../arm-none-eabi/lib/thumb/v7e-m/nofp\libg.a(libc_a-init.o)
 .ARM.attributes
                0x0000062b       0x2e C:/ST/STM32CubeCLT_1.16.0/GNU-tools-for-STM32/bin/../lib/gcc/arm-none-eabi/12.3.1/../../../../arm-none-eabi/lib/thumb/v7e-m/nofp\libg.a(libc_a-lock.o)
 .ARM.attributes
                0x00000659       0x2e C:/ST/STM32CubeCLT_1.16.0/GNU-tools-for-STM32/bin/../lib/gcc/arm-none-eabi/12.3.1/../../../../arm-none-eabi/lib/thumb/v7e-m/nofp\libg.a(libc_a-memcpy-stub.o)
 .ARM.attributes
                0x00000687       0x2e C:/ST/STM32CubeCLT_1.16.0/GNU-tools-for-STM32/bin/../lib/gcc/arm-none-eabi/12.3.1/../../../../arm-none-eabi/lib/thumb/v7e-m/nofp\libg.a(libc_a-__call_atexit.o)
 .ARM.attributes
                0x000006b5       0x2e C:/ST/STM32CubeCLT_1.16.0/GNU-tools-for-STM32/bin/../lib/gcc/arm-none-eabi/12.3.1/../../../../arm-none-eabi/lib/thumb/v7e-m/nofp\libg.a(libc_a-atexit.o)
 .ARM.attributes
                0x000006e3       0x2e C:/ST/STM32CubeCLT_1.16.0/GNU-tools-for-STM32/bin/../lib/gcc/arm-none-eabi/12.3.1/../../../../arm-none-eabi/lib/thumb/v7e-m/nofp\libg.a(libc_a-fini.o)
 .ARM.attributes
                0x00000711       0x2e C:/ST/STM32CubeCLT_1.16.0/GNU-tools-for-STM32/bin/../lib/gcc/arm-none-eabi/12.3.1/../../../../arm-none-eabi/lib/thumb/v7e-m/nofp\libg.a(libc_a-__atexit.o)
 .ARM.attributes
                0x0000073f       0x1e C:/ST/STM32CubeCLT_1.16.0/GNU-tools-for-STM32/bin/../lib/gcc/arm-none-eabi/12.3.1/thumb/v7e-m/nofp/crtn.o
OUTPUT(uart.elf elf32-littlearm)
LOAD linker stubs
LOAD C:/ST/STM32CubeCLT_1.16.0/GNU-tools-for-STM32/bin/../lib/gcc/arm-none-eabi/12.3.1/../../../../arm-none-eabi/lib/thumb/v7e-m/nofp\libc.a
LOAD C:/ST/STM32CubeCLT_1.16.0/GNU-tools-for-STM32/bin/../lib/gcc/arm-none-eabi/12.3.1/../../../../arm-none-eabi/lib/thumb/v7e-m/nofp\libm.a
LOAD C:/ST/STM32CubeCLT_1.16.0/GNU-tools-for-STM32/bin/../lib/gcc/arm-none-eabi/12.3.1/thumb/v7e-m/nofp\libgcc.a

.debug_info     0x00000000    0x16870
 .debug_info    0x00000000      0x64e CMakeFiles/uart.elf.dir/Core/Src/callback.cpp.obj
 .debug_info    0x0000064e      0x762 CMakeFiles/uart.elf.dir/Core/Src/gpio.c.obj
 .debug_info    0x00000db0      0xb1f CMakeFiles/uart.elf.dir/Core/Src/main.c.obj
 .debug_info    0x000018cf      0x27d CMakeFiles/uart.elf.dir/Core/Src/stm32f4xx_hal_msp.c.obj
 .debug_info    0x00001b4c      0xa10 CMakeFiles/uart.elf.dir/Core/Src/stm32f4xx_it.c.obj
 .debug_info    0x0000255c      0x783 CMakeFiles/uart.elf.dir/Core/Src/syscalls.c.obj
 .debug_info    0x00002cdf      0x34c CMakeFiles/uart.elf.dir/Core/Src/system_stm32f4xx.c.obj
 .debug_info    0x0000302b     0x11bb CMakeFiles/uart.elf.dir/Core/Src/tim.c.obj
 .debug_info    0x000041e6      0xc75 CMakeFiles/uart.elf.dir/Core/Src/usart.c.obj
 .debug_info    0x00004e5b       0x30 CMakeFiles/uart.elf.dir/Core/Startup/startup_stm32f427iihx.s.obj
 .debug_info    0x00004e8b      0xa4c CMakeFiles/uart.elf.dir/Drivers/STM32F4xx_HAL_Driver/Src/stm32f4xx_hal.c.obj
 .debug_info    0x000058d7      0xfe5 CMakeFiles/uart.elf.dir/Drivers/STM32F4xx_HAL_Driver/Src/stm32f4xx_hal_cortex.c.obj
 .debug_info    0x000068bc      0xad9 CMakeFiles/uart.elf.dir/Drivers/STM32F4xx_HAL_Driver/Src/stm32f4xx_hal_dma.c.obj
 .debug_info    0x00007395      0x71c CMakeFiles/uart.elf.dir/Drivers/STM32F4xx_HAL_Driver/Src/stm32f4xx_hal_gpio.c.obj
 .debug_info    0x00007ab1      0x78a CMakeFiles/uart.elf.dir/Drivers/STM32F4xx_HAL_Driver/Src/stm32f4xx_hal_pwr_ex.c.obj
 .debug_info    0x0000823b      0xa85 CMakeFiles/uart.elf.dir/Drivers/STM32F4xx_HAL_Driver/Src/stm32f4xx_hal_rcc.c.obj
 .debug_info    0x00008cc0     0x3be0 CMakeFiles/uart.elf.dir/Drivers/STM32F4xx_HAL_Driver/Src/stm32f4xx_hal_tim.c.obj
 .debug_info    0x0000c8a0     0x1ac8 CMakeFiles/uart.elf.dir/Drivers/STM32F4xx_HAL_Driver/Src/stm32f4xx_hal_tim_ex.c.obj
 .debug_info    0x0000e368     0x3fcf CMakeFiles/uart.elf.dir/Drivers/STM32F4xx_HAL_Driver/Src/stm32f4xx_hal_uart.c.obj
 .debug_info    0x00012337       0xd8 C:/ST/STM32CubeCLT_1.16.0/GNU-tools-for-STM32/bin/../lib/gcc/arm-none-eabi/12.3.1/../../../../arm-none-eabi/lib/thumb/v7e-m/nofp\libg.a(libc_a-abort.o)
 .debug_info    0x0001240f      0xfc5 C:/ST/STM32CubeCLT_1.16.0/GNU-tools-for-STM32/bin/../lib/gcc/arm-none-eabi/12.3.1/../../../../arm-none-eabi/lib/thumb/v7e-m/nofp\libg.a(libc_a-findfp.o)
 .debug_info    0x000133d4       0xe0 C:/ST/STM32CubeCLT_1.16.0/GNU-tools-for-STM32/bin/../lib/gcc/arm-none-eabi/12.3.1/../../../../arm-none-eabi/lib/thumb/v7e-m/nofp\libg.a(libc_a-memset.o)
 .debug_info    0x000134b4      0xa0d C:/ST/STM32CubeCLT_1.16.0/GNU-tools-for-STM32/bin/../lib/gcc/arm-none-eabi/12.3.1/../../../../arm-none-eabi/lib/thumb/v7e-m/nofp\libg.a(libc_a-signal.o)
 .debug_info    0x00013ec1      0x7e7 C:/ST/STM32CubeCLT_1.16.0/GNU-tools-for-STM32/bin/../lib/gcc/arm-none-eabi/12.3.1/../../../../arm-none-eabi/lib/thumb/v7e-m/nofp\libg.a(libc_a-reent.o)
 .debug_info    0x000146a8      0x733 C:/ST/STM32CubeCLT_1.16.0/GNU-tools-for-STM32/bin/../lib/gcc/arm-none-eabi/12.3.1/../../../../arm-none-eabi/lib/thumb/v7e-m/nofp\libg.a(libc_a-impure.o)
 .debug_info    0x00014ddb      0x7fb C:/ST/STM32CubeCLT_1.16.0/GNU-tools-for-STM32/bin/../lib/gcc/arm-none-eabi/12.3.1/../../../../arm-none-eabi/lib/thumb/v7e-m/nofp\libg.a(libc_a-signalr.o)
 .debug_info    0x000155d6      0x719 C:/ST/STM32CubeCLT_1.16.0/GNU-tools-for-STM32/bin/../lib/gcc/arm-none-eabi/12.3.1/../../../../arm-none-eabi/lib/thumb/v7e-m/nofp\libg.a(libc_a-errno.o)
 .debug_info    0x00015cef      0x10b C:/ST/STM32CubeCLT_1.16.0/GNU-tools-for-STM32/bin/../lib/gcc/arm-none-eabi/12.3.1/../../../../arm-none-eabi/lib/thumb/v7e-m/nofp\libg.a(libc_a-init.o)
 .debug_info    0x00015dfa      0x20a C:/ST/STM32CubeCLT_1.16.0/GNU-tools-for-STM32/bin/../lib/gcc/arm-none-eabi/12.3.1/../../../../arm-none-eabi/lib/thumb/v7e-m/nofp\libg.a(libc_a-lock.o)
 .debug_info    0x00016004      0x121 C:/ST/STM32CubeCLT_1.16.0/GNU-tools-for-STM32/bin/../lib/gcc/arm-none-eabi/12.3.1/../../../../arm-none-eabi/lib/thumb/v7e-m/nofp\libg.a(libc_a-memcpy-stub.o)
 .debug_info    0x00016125      0x2dd C:/ST/STM32CubeCLT_1.16.0/GNU-tools-for-STM32/bin/../lib/gcc/arm-none-eabi/12.3.1/../../../../arm-none-eabi/lib/thumb/v7e-m/nofp\libg.a(libc_a-__call_atexit.o)
 .debug_info    0x00016402      0x118 C:/ST/STM32CubeCLT_1.16.0/GNU-tools-for-STM32/bin/../lib/gcc/arm-none-eabi/12.3.1/../../../../arm-none-eabi/lib/thumb/v7e-m/nofp\libg.a(libc_a-atexit.o)
 .debug_info    0x0001651a       0xf7 C:/ST/STM32CubeCLT_1.16.0/GNU-tools-for-STM32/bin/../lib/gcc/arm-none-eabi/12.3.1/../../../../arm-none-eabi/lib/thumb/v7e-m/nofp\libg.a(libc_a-fini.o)
 .debug_info    0x00016611      0x25f C:/ST/STM32CubeCLT_1.16.0/GNU-tools-for-STM32/bin/../lib/gcc/arm-none-eabi/12.3.1/../../../../arm-none-eabi/lib/thumb/v7e-m/nofp\libg.a(libc_a-__atexit.o)

.debug_abbrev   0x00000000     0x3e21
 .debug_abbrev  0x00000000      0x184 CMakeFiles/uart.elf.dir/Core/Src/callback.cpp.obj
 .debug_abbrev  0x00000184      0x186 CMakeFiles/uart.elf.dir/Core/Src/gpio.c.obj
 .debug_abbrev  0x0000030a      0x244 CMakeFiles/uart.elf.dir/Core/Src/main.c.obj
 .debug_abbrev  0x0000054e       0xd6 CMakeFiles/uart.elf.dir/Core/Src/stm32f4xx_hal_msp.c.obj
 .debug_abbrev  0x00000624      0x1cc CMakeFiles/uart.elf.dir/Core/Src/stm32f4xx_it.c.obj
 .debug_abbrev  0x000007f0      0x1c1 CMakeFiles/uart.elf.dir/Core/Src/syscalls.c.obj
 .debug_abbrev  0x000009b1      0x120 CMakeFiles/uart.elf.dir/Core/Src/system_stm32f4xx.c.obj
 .debug_abbrev  0x00000ad1      0x242 CMakeFiles/uart.elf.dir/Core/Src/tim.c.obj
 .debug_abbrev  0x00000d13      0x236 CMakeFiles/uart.elf.dir/Core/Src/usart.c.obj
 .debug_abbrev  0x00000f49       0x24 CMakeFiles/uart.elf.dir/Core/Startup/startup_stm32f427iihx.s.obj
 .debug_abbrev  0x00000f6d      0x240 CMakeFiles/uart.elf.dir/Drivers/STM32F4xx_HAL_Driver/Src/stm32f4xx_hal.c.obj
 .debug_abbrev  0x000011ad      0x391 CMakeFiles/uart.elf.dir/Drivers/STM32F4xx_HAL_Driver/Src/stm32f4xx_hal_cortex.c.obj
 .debug_abbrev  0x0000153e      0x2c0 CMakeFiles/uart.elf.dir/Drivers/STM32F4xx_HAL_Driver/Src/stm32f4xx_hal_dma.c.obj
 .debug_abbrev  0x000017fe      0x202 CMakeFiles/uart.elf.dir/Drivers/STM32F4xx_HAL_Driver/Src/stm32f4xx_hal_gpio.c.obj
 .debug_abbrev  0x00001a00      0x1e6 CMakeFiles/uart.elf.dir/Drivers/STM32F4xx_HAL_Driver/Src/stm32f4xx_hal_pwr_ex.c.obj
 .debug_abbrev  0x00001be6      0x2c7 CMakeFiles/uart.elf.dir/Drivers/STM32F4xx_HAL_Driver/Src/stm32f4xx_hal_rcc.c.obj
 .debug_abbrev  0x00001ead      0x271 CMakeFiles/uart.elf.dir/Drivers/STM32F4xx_HAL_Driver/Src/stm32f4xx_hal_tim.c.obj
 .debug_abbrev  0x0000211e      0x26f CMakeFiles/uart.elf.dir/Drivers/STM32F4xx_HAL_Driver/Src/stm32f4xx_hal_tim_ex.c.obj
 .debug_abbrev  0x0000238d      0x32f CMakeFiles/uart.elf.dir/Drivers/STM32F4xx_HAL_Driver/Src/stm32f4xx_hal_uart.c.obj
 .debug_abbrev  0x000026bc       0x99 C:/ST/STM32CubeCLT_1.16.0/GNU-tools-for-STM32/bin/../lib/gcc/arm-none-eabi/12.3.1/../../../../arm-none-eabi/lib/thumb/v7e-m/nofp\libg.a(libc_a-abort.o)
 .debug_abbrev  0x00002755      0x462 C:/ST/STM32CubeCLT_1.16.0/GNU-tools-for-STM32/bin/../lib/gcc/arm-none-eabi/12.3.1/../../../../arm-none-eabi/lib/thumb/v7e-m/nofp\libg.a(libc_a-findfp.o)
 .debug_abbrev  0x00002bb7       0x9e C:/ST/STM32CubeCLT_1.16.0/GNU-tools-for-STM32/bin/../lib/gcc/arm-none-eabi/12.3.1/../../../../arm-none-eabi/lib/thumb/v7e-m/nofp\libg.a(libc_a-memset.o)
 .debug_abbrev  0x00002c55      0x28a C:/ST/STM32CubeCLT_1.16.0/GNU-tools-for-STM32/bin/../lib/gcc/arm-none-eabi/12.3.1/../../../../arm-none-eabi/lib/thumb/v7e-m/nofp\libg.a(libc_a-signal.o)
 .debug_abbrev  0x00002edf      0x229 C:/ST/STM32CubeCLT_1.16.0/GNU-tools-for-STM32/bin/../lib/gcc/arm-none-eabi/12.3.1/../../../../arm-none-eabi/lib/thumb/v7e-m/nofp\libg.a(libc_a-reent.o)
 .debug_abbrev  0x00003108      0x185 C:/ST/STM32CubeCLT_1.16.0/GNU-tools-for-STM32/bin/../lib/gcc/arm-none-eabi/12.3.1/../../../../arm-none-eabi/lib/thumb/v7e-m/nofp\libg.a(libc_a-impure.o)
 .debug_abbrev  0x0000328d      0x239 C:/ST/STM32CubeCLT_1.16.0/GNU-tools-for-STM32/bin/../lib/gcc/arm-none-eabi/12.3.1/../../../../arm-none-eabi/lib/thumb/v7e-m/nofp\libg.a(libc_a-signalr.o)
 .debug_abbrev  0x000034c6      0x19a C:/ST/STM32CubeCLT_1.16.0/GNU-tools-for-STM32/bin/../lib/gcc/arm-none-eabi/12.3.1/../../../../arm-none-eabi/lib/thumb/v7e-m/nofp\libg.a(libc_a-errno.o)
 .debug_abbrev  0x00003660       0xc9 C:/ST/STM32CubeCLT_1.16.0/GNU-tools-for-STM32/bin/../lib/gcc/arm-none-eabi/12.3.1/../../../../arm-none-eabi/lib/thumb/v7e-m/nofp\libg.a(libc_a-init.o)
 .debug_abbrev  0x00003729      0x115 C:/ST/STM32CubeCLT_1.16.0/GNU-tools-for-STM32/bin/../lib/gcc/arm-none-eabi/12.3.1/../../../../arm-none-eabi/lib/thumb/v7e-m/nofp\libg.a(libc_a-lock.o)
 .debug_abbrev  0x0000383e       0xc1 C:/ST/STM32CubeCLT_1.16.0/GNU-tools-for-STM32/bin/../lib/gcc/arm-none-eabi/12.3.1/../../../../arm-none-eabi/lib/thumb/v7e-m/nofp\libg.a(libc_a-memcpy-stub.o)
 .debug_abbrev  0x000038ff      0x20c C:/ST/STM32CubeCLT_1.16.0/GNU-tools-for-STM32/bin/../lib/gcc/arm-none-eabi/12.3.1/../../../../arm-none-eabi/lib/thumb/v7e-m/nofp\libg.a(libc_a-__call_atexit.o)
 .debug_abbrev  0x00003b0b       0xc1 C:/ST/STM32CubeCLT_1.16.0/GNU-tools-for-STM32/bin/../lib/gcc/arm-none-eabi/12.3.1/../../../../arm-none-eabi/lib/thumb/v7e-m/nofp\libg.a(libc_a-atexit.o)
 .debug_abbrev  0x00003bcc       0xcc C:/ST/STM32CubeCLT_1.16.0/GNU-tools-for-STM32/bin/../lib/gcc/arm-none-eabi/12.3.1/../../../../arm-none-eabi/lib/thumb/v7e-m/nofp\libg.a(libc_a-fini.o)
 .debug_abbrev  0x00003c98      0x189 C:/ST/STM32CubeCLT_1.16.0/GNU-tools-for-STM32/bin/../lib/gcc/arm-none-eabi/12.3.1/../../../../arm-none-eabi/lib/thumb/v7e-m/nofp\libg.a(libc_a-__atexit.o)

.debug_loclists
                0x00000000     0x919b
 .debug_loclists
                0x00000000       0x34 CMakeFiles/uart.elf.dir/Core/Src/callback.cpp.obj
 .debug_loclists
                0x00000034      0x25b CMakeFiles/uart.elf.dir/Core/Src/syscalls.c.obj
 .debug_loclists
                0x0000028f       0xdb CMakeFiles/uart.elf.dir/Core/Src/system_stm32f4xx.c.obj
 .debug_loclists
                0x0000036a       0xa6 CMakeFiles/uart.elf.dir/Core/Src/tim.c.obj
 .debug_loclists
                0x00000410       0x5d CMakeFiles/uart.elf.dir/Core/Src/usart.c.obj
 .debug_loclists
                0x0000046d       0xc9 CMakeFiles/uart.elf.dir/Drivers/STM32F4xx_HAL_Driver/Src/stm32f4xx_hal.c.obj
 .debug_loclists
                0x00000536      0x439 CMakeFiles/uart.elf.dir/Drivers/STM32F4xx_HAL_Driver/Src/stm32f4xx_hal_cortex.c.obj
 .debug_loclists
                0x0000096f      0x763 CMakeFiles/uart.elf.dir/Drivers/STM32F4xx_HAL_Driver/Src/stm32f4xx_hal_dma.c.obj
 .debug_loclists
                0x000010d2      0x356 CMakeFiles/uart.elf.dir/Drivers/STM32F4xx_HAL_Driver/Src/stm32f4xx_hal_gpio.c.obj
 .debug_loclists
                0x00001428      0x14e CMakeFiles/uart.elf.dir/Drivers/STM32F4xx_HAL_Driver/Src/stm32f4xx_hal_pwr_ex.c.obj
 .debug_loclists
                0x00001576      0x3a9 CMakeFiles/uart.elf.dir/Drivers/STM32F4xx_HAL_Driver/Src/stm32f4xx_hal_rcc.c.obj
 .debug_loclists
                0x0000191f     0x3331 CMakeFiles/uart.elf.dir/Drivers/STM32F4xx_HAL_Driver/Src/stm32f4xx_hal_tim.c.obj
 .debug_loclists
                0x00004c50     0x129a CMakeFiles/uart.elf.dir/Drivers/STM32F4xx_HAL_Driver/Src/stm32f4xx_hal_tim_ex.c.obj
 .debug_loclists
                0x00005eea     0x29f1 CMakeFiles/uart.elf.dir/Drivers/STM32F4xx_HAL_Driver/Src/stm32f4xx_hal_uart.c.obj
 .debug_loclists
                0x000088db      0x252 C:/ST/STM32CubeCLT_1.16.0/GNU-tools-for-STM32/bin/../lib/gcc/arm-none-eabi/12.3.1/../../../../arm-none-eabi/lib/thumb/v7e-m/nofp\libg.a(libc_a-findfp.o)
 .debug_loclists
                0x00008b2d       0x47 C:/ST/STM32CubeCLT_1.16.0/GNU-tools-for-STM32/bin/../lib/gcc/arm-none-eabi/12.3.1/../../../../arm-none-eabi/lib/thumb/v7e-m/nofp\libg.a(libc_a-memset.o)
 .debug_loclists
                0x00008b74      0x281 C:/ST/STM32CubeCLT_1.16.0/GNU-tools-for-STM32/bin/../lib/gcc/arm-none-eabi/12.3.1/../../../../arm-none-eabi/lib/thumb/v7e-m/nofp\libg.a(libc_a-signal.o)
 .debug_loclists
                0x00008df5       0x68 C:/ST/STM32CubeCLT_1.16.0/GNU-tools-for-STM32/bin/../lib/gcc/arm-none-eabi/12.3.1/../../../../arm-none-eabi/lib/thumb/v7e-m/nofp\libg.a(libc_a-reent.o)
 .debug_loclists
                0x00008e5d       0x81 C:/ST/STM32CubeCLT_1.16.0/GNU-tools-for-STM32/bin/../lib/gcc/arm-none-eabi/12.3.1/../../../../arm-none-eabi/lib/thumb/v7e-m/nofp\libg.a(libc_a-signalr.o)
 .debug_loclists
                0x00008ede       0x44 C:/ST/STM32CubeCLT_1.16.0/GNU-tools-for-STM32/bin/../lib/gcc/arm-none-eabi/12.3.1/../../../../arm-none-eabi/lib/thumb/v7e-m/nofp\libg.a(libc_a-init.o)
 .debug_loclists
                0x00008f22       0x23 C:/ST/STM32CubeCLT_1.16.0/GNU-tools-for-STM32/bin/../lib/gcc/arm-none-eabi/12.3.1/../../../../arm-none-eabi/lib/thumb/v7e-m/nofp\libg.a(libc_a-lock.o)
 .debug_loclists
                0x00008f45       0x8f C:/ST/STM32CubeCLT_1.16.0/GNU-tools-for-STM32/bin/../lib/gcc/arm-none-eabi/12.3.1/../../../../arm-none-eabi/lib/thumb/v7e-m/nofp\libg.a(libc_a-memcpy-stub.o)
 .debug_loclists
                0x00008fd4       0xd4 C:/ST/STM32CubeCLT_1.16.0/GNU-tools-for-STM32/bin/../lib/gcc/arm-none-eabi/12.3.1/../../../../arm-none-eabi/lib/thumb/v7e-m/nofp\libg.a(libc_a-__call_atexit.o)
 .debug_loclists
                0x000090a8       0x2a C:/ST/STM32CubeCLT_1.16.0/GNU-tools-for-STM32/bin/../lib/gcc/arm-none-eabi/12.3.1/../../../../arm-none-eabi/lib/thumb/v7e-m/nofp\libg.a(libc_a-atexit.o)
 .debug_loclists
                0x000090d2       0x3b C:/ST/STM32CubeCLT_1.16.0/GNU-tools-for-STM32/bin/../lib/gcc/arm-none-eabi/12.3.1/../../../../arm-none-eabi/lib/thumb/v7e-m/nofp\libg.a(libc_a-fini.o)
 .debug_loclists
                0x0000910d       0x8e C:/ST/STM32CubeCLT_1.16.0/GNU-tools-for-STM32/bin/../lib/gcc/arm-none-eabi/12.3.1/../../../../arm-none-eabi/lib/thumb/v7e-m/nofp\libg.a(libc_a-__atexit.o)

.debug_aranges  0x00000000     0x1040
 .debug_aranges
                0x00000000       0x20 CMakeFiles/uart.elf.dir/Core/Src/callback.cpp.obj
 .debug_aranges
                0x00000020       0x20 CMakeFiles/uart.elf.dir/Core/Src/gpio.c.obj
 .debug_aranges
                0x00000040       0x30 CMakeFiles/uart.elf.dir/Core/Src/main.c.obj
 .debug_aranges
                0x00000070       0x20 CMakeFiles/uart.elf.dir/Core/Src/stm32f4xx_hal_msp.c.obj
 .debug_aranges
                0x00000090       0x80 CMakeFiles/uart.elf.dir/Core/Src/stm32f4xx_it.c.obj
 .debug_aranges
                0x00000110       0xa8 CMakeFiles/uart.elf.dir/Core/Src/syscalls.c.obj
 .debug_aranges
                0x000001b8       0x28 CMakeFiles/uart.elf.dir/Core/Src/system_stm32f4xx.c.obj
 .debug_aranges
                0x000001e0       0x40 CMakeFiles/uart.elf.dir/Core/Src/tim.c.obj
 .debug_aranges
                0x00000220       0x30 CMakeFiles/uart.elf.dir/Core/Src/usart.c.obj
 .debug_aranges
                0x00000250       0x28 CMakeFiles/uart.elf.dir/Core/Startup/startup_stm32f427iihx.s.obj
 .debug_aranges
                0x00000278      0x100 CMakeFiles/uart.elf.dir/Drivers/STM32F4xx_HAL_Driver/Src/stm32f4xx_hal.c.obj
 .debug_aranges
                0x00000378       0xf8 CMakeFiles/uart.elf.dir/Drivers/STM32F4xx_HAL_Driver/Src/stm32f4xx_hal_cortex.c.obj
 .debug_aranges
                0x00000470       0x90 CMakeFiles/uart.elf.dir/Drivers/STM32F4xx_HAL_Driver/Src/stm32f4xx_hal_dma.c.obj
 .debug_aranges
                0x00000500       0x58 CMakeFiles/uart.elf.dir/Drivers/STM32F4xx_HAL_Driver/Src/stm32f4xx_hal_gpio.c.obj
 .debug_aranges
                0x00000558       0x60 CMakeFiles/uart.elf.dir/Drivers/STM32F4xx_HAL_Driver/Src/stm32f4xx_hal_pwr_ex.c.obj
 .debug_aranges
                0x000005b8       0x88 CMakeFiles/uart.elf.dir/Drivers/STM32F4xx_HAL_Driver/Src/stm32f4xx_hal_rcc.c.obj
 .debug_aranges
                0x00000640      0x3d0 CMakeFiles/uart.elf.dir/Drivers/STM32F4xx_HAL_Driver/Src/stm32f4xx_hal_tim.c.obj
 .debug_aranges
                0x00000a10      0x168 CMakeFiles/uart.elf.dir/Drivers/STM32F4xx_HAL_Driver/Src/stm32f4xx_hal_tim_ex.c.obj
 .debug_aranges
                0x00000b78      0x208 CMakeFiles/uart.elf.dir/Drivers/STM32F4xx_HAL_Driver/Src/stm32f4xx_hal_uart.c.obj
 .debug_aranges
                0x00000d80       0x20 C:/ST/STM32CubeCLT_1.16.0/GNU-tools-for-STM32/bin/../lib/gcc/arm-none-eabi/12.3.1/../../../../arm-none-eabi/lib/thumb/v7e-m/nofp\libg.a(libc_a-abort.o)
 .debug_aranges
                0x00000da0       0x78 C:/ST/STM32CubeCLT_1.16.0/GNU-tools-for-STM32/bin/../lib/gcc/arm-none-eabi/12.3.1/../../../../arm-none-eabi/lib/thumb/v7e-m/nofp\libg.a(libc_a-findfp.o)
 .debug_aranges
                0x00000e18       0x20 C:/ST/STM32CubeCLT_1.16.0/GNU-tools-for-STM32/bin/../lib/gcc/arm-none-eabi/12.3.1/../../../../arm-none-eabi/lib/thumb/v7e-m/nofp\libg.a(libc_a-memset.o)
 .debug_aranges
                0x00000e38       0x58 C:/ST/STM32CubeCLT_1.16.0/GNU-tools-for-STM32/bin/../lib/gcc/arm-none-eabi/12.3.1/../../../../arm-none-eabi/lib/thumb/v7e-m/nofp\libg.a(libc_a-signal.o)
 .debug_aranges
                0x00000e90       0x20 C:/ST/STM32CubeCLT_1.16.0/GNU-tools-for-STM32/bin/../lib/gcc/arm-none-eabi/12.3.1/../../../../arm-none-eabi/lib/thumb/v7e-m/nofp\libg.a(libc_a-reent.o)
 .debug_aranges
                0x00000eb0       0x18 C:/ST/STM32CubeCLT_1.16.0/GNU-tools-for-STM32/bin/../lib/gcc/arm-none-eabi/12.3.1/../../../../arm-none-eabi/lib/thumb/v7e-m/nofp\libg.a(libc_a-impure.o)
 .debug_aranges
                0x00000ec8       0x28 C:/ST/STM32CubeCLT_1.16.0/GNU-tools-for-STM32/bin/../lib/gcc/arm-none-eabi/12.3.1/../../../../arm-none-eabi/lib/thumb/v7e-m/nofp\libg.a(libc_a-signalr.o)
 .debug_aranges
                0x00000ef0       0x20 C:/ST/STM32CubeCLT_1.16.0/GNU-tools-for-STM32/bin/../lib/gcc/arm-none-eabi/12.3.1/../../../../arm-none-eabi/lib/thumb/v7e-m/nofp\libg.a(libc_a-errno.o)
 .debug_aranges
                0x00000f10       0x20 C:/ST/STM32CubeCLT_1.16.0/GNU-tools-for-STM32/bin/../lib/gcc/arm-none-eabi/12.3.1/../../../../arm-none-eabi/lib/thumb/v7e-m/nofp\libg.a(libc_a-init.o)
 .debug_aranges
                0x00000f30       0x68 C:/ST/STM32CubeCLT_1.16.0/GNU-tools-for-STM32/bin/../lib/gcc/arm-none-eabi/12.3.1/../../../../arm-none-eabi/lib/thumb/v7e-m/nofp\libg.a(libc_a-lock.o)
 .debug_aranges
                0x00000f98       0x20 C:/ST/STM32CubeCLT_1.16.0/GNU-tools-for-STM32/bin/../lib/gcc/arm-none-eabi/12.3.1/../../../../arm-none-eabi/lib/thumb/v7e-m/nofp\libg.a(libc_a-memcpy-stub.o)
 .debug_aranges
                0x00000fb8       0x28 C:/ST/STM32CubeCLT_1.16.0/GNU-tools-for-STM32/bin/../lib/gcc/arm-none-eabi/12.3.1/../../../../arm-none-eabi/lib/thumb/v7e-m/nofp\libg.a(libc_a-__call_atexit.o)
 .debug_aranges
                0x00000fe0       0x20 C:/ST/STM32CubeCLT_1.16.0/GNU-tools-for-STM32/bin/../lib/gcc/arm-none-eabi/12.3.1/../../../../arm-none-eabi/lib/thumb/v7e-m/nofp\libg.a(libc_a-atexit.o)
 .debug_aranges
                0x00001000       0x20 C:/ST/STM32CubeCLT_1.16.0/GNU-tools-for-STM32/bin/../lib/gcc/arm-none-eabi/12.3.1/../../../../arm-none-eabi/lib/thumb/v7e-m/nofp\libg.a(libc_a-fini.o)
 .debug_aranges
                0x00001020       0x20 C:/ST/STM32CubeCLT_1.16.0/GNU-tools-for-STM32/bin/../lib/gcc/arm-none-eabi/12.3.1/../../../../arm-none-eabi/lib/thumb/v7e-m/nofp\libg.a(libc_a-__atexit.o)

.debug_rnglists
                0x00000000      0xc46
 .debug_rnglists
                0x00000000       0x13 CMakeFiles/uart.elf.dir/Core/Src/callback.cpp.obj
 .debug_rnglists
                0x00000013       0x14 CMakeFiles/uart.elf.dir/Core/Src/gpio.c.obj
 .debug_rnglists
                0x00000027       0x20 CMakeFiles/uart.elf.dir/Core/Src/main.c.obj
 .debug_rnglists
                0x00000047       0x13 CMakeFiles/uart.elf.dir/Core/Src/stm32f4xx_hal_msp.c.obj
 .debug_rnglists
                0x0000005a       0x5b CMakeFiles/uart.elf.dir/Core/Src/stm32f4xx_it.c.obj
 .debug_rnglists
                0x000000b5       0x79 CMakeFiles/uart.elf.dir/Core/Src/syscalls.c.obj
 .debug_rnglists
                0x0000012e       0x1a CMakeFiles/uart.elf.dir/Core/Src/system_stm32f4xx.c.obj
 .debug_rnglists
                0x00000148       0x2c CMakeFiles/uart.elf.dir/Core/Src/tim.c.obj
 .debug_rnglists
                0x00000174       0x20 CMakeFiles/uart.elf.dir/Core/Src/usart.c.obj
 .debug_rnglists
                0x00000194       0x19 CMakeFiles/uart.elf.dir/Core/Startup/startup_stm32f427iihx.s.obj
 .debug_rnglists
                0x000001ad       0xbb CMakeFiles/uart.elf.dir/Drivers/STM32F4xx_HAL_Driver/Src/stm32f4xx_hal.c.obj
 .debug_rnglists
                0x00000268       0xb5 CMakeFiles/uart.elf.dir/Drivers/STM32F4xx_HAL_Driver/Src/stm32f4xx_hal_cortex.c.obj
 .debug_rnglists
                0x0000031d       0x6c CMakeFiles/uart.elf.dir/Drivers/STM32F4xx_HAL_Driver/Src/stm32f4xx_hal_dma.c.obj
 .debug_rnglists
                0x00000389       0x3f CMakeFiles/uart.elf.dir/Drivers/STM32F4xx_HAL_Driver/Src/stm32f4xx_hal_gpio.c.obj
 .debug_rnglists
                0x000003c8       0x44 CMakeFiles/uart.elf.dir/Drivers/STM32F4xx_HAL_Driver/Src/stm32f4xx_hal_pwr_ex.c.obj
 .debug_rnglists
                0x0000040c       0x75 CMakeFiles/uart.elf.dir/Drivers/STM32F4xx_HAL_Driver/Src/stm32f4xx_hal_rcc.c.obj
 .debug_rnglists
                0x00000481      0x302 CMakeFiles/uart.elf.dir/Drivers/STM32F4xx_HAL_Driver/Src/stm32f4xx_hal_tim.c.obj
 .debug_rnglists
                0x00000783      0x11b CMakeFiles/uart.elf.dir/Drivers/STM32F4xx_HAL_Driver/Src/stm32f4xx_hal_tim_ex.c.obj
 .debug_rnglists
                0x0000089e      0x1a1 CMakeFiles/uart.elf.dir/Drivers/STM32F4xx_HAL_Driver/Src/stm32f4xx_hal_uart.c.obj
 .debug_rnglists
                0x00000a3f       0x13 C:/ST/STM32CubeCLT_1.16.0/GNU-tools-for-STM32/bin/../lib/gcc/arm-none-eabi/12.3.1/../../../../arm-none-eabi/lib/thumb/v7e-m/nofp\libg.a(libc_a-abort.o)
 .debug_rnglists
                0x00000a52       0x7a C:/ST/STM32CubeCLT_1.16.0/GNU-tools-for-STM32/bin/../lib/gcc/arm-none-eabi/12.3.1/../../../../arm-none-eabi/lib/thumb/v7e-m/nofp\libg.a(libc_a-findfp.o)
 .debug_rnglists
                0x00000acc       0x13 C:/ST/STM32CubeCLT_1.16.0/GNU-tools-for-STM32/bin/../lib/gcc/arm-none-eabi/12.3.1/../../../../arm-none-eabi/lib/thumb/v7e-m/nofp\libg.a(libc_a-memset.o)
 .debug_rnglists
                0x00000adf       0x3d C:/ST/STM32CubeCLT_1.16.0/GNU-tools-for-STM32/bin/../lib/gcc/arm-none-eabi/12.3.1/../../../../arm-none-eabi/lib/thumb/v7e-m/nofp\libg.a(libc_a-signal.o)
 .debug_rnglists
                0x00000b1c       0x2b C:/ST/STM32CubeCLT_1.16.0/GNU-tools-for-STM32/bin/../lib/gcc/arm-none-eabi/12.3.1/../../../../arm-none-eabi/lib/thumb/v7e-m/nofp\libg.a(libc_a-reent.o)
 .debug_rnglists
                0x00000b47       0x19 C:/ST/STM32CubeCLT_1.16.0/GNU-tools-for-STM32/bin/../lib/gcc/arm-none-eabi/12.3.1/../../../../arm-none-eabi/lib/thumb/v7e-m/nofp\libg.a(libc_a-signalr.o)
 .debug_rnglists
                0x00000b60       0x13 C:/ST/STM32CubeCLT_1.16.0/GNU-tools-for-STM32/bin/../lib/gcc/arm-none-eabi/12.3.1/../../../../arm-none-eabi/lib/thumb/v7e-m/nofp\libg.a(libc_a-errno.o)
 .debug_rnglists
                0x00000b73       0x13 C:/ST/STM32CubeCLT_1.16.0/GNU-tools-for-STM32/bin/../lib/gcc/arm-none-eabi/12.3.1/../../../../arm-none-eabi/lib/thumb/v7e-m/nofp\libg.a(libc_a-init.o)
 .debug_rnglists
                0x00000b86       0x49 C:/ST/STM32CubeCLT_1.16.0/GNU-tools-for-STM32/bin/../lib/gcc/arm-none-eabi/12.3.1/../../../../arm-none-eabi/lib/thumb/v7e-m/nofp\libg.a(libc_a-lock.o)
 .debug_rnglists
                0x00000bcf       0x13 C:/ST/STM32CubeCLT_1.16.0/GNU-tools-for-STM32/bin/../lib/gcc/arm-none-eabi/12.3.1/../../../../arm-none-eabi/lib/thumb/v7e-m/nofp\libg.a(libc_a-memcpy-stub.o)
 .debug_rnglists
                0x00000be2       0x2a C:/ST/STM32CubeCLT_1.16.0/GNU-tools-for-STM32/bin/../lib/gcc/arm-none-eabi/12.3.1/../../../../arm-none-eabi/lib/thumb/v7e-m/nofp\libg.a(libc_a-__call_atexit.o)
 .debug_rnglists
                0x00000c0c       0x13 C:/ST/STM32CubeCLT_1.16.0/GNU-tools-for-STM32/bin/../lib/gcc/arm-none-eabi/12.3.1/../../../../arm-none-eabi/lib/thumb/v7e-m/nofp\libg.a(libc_a-atexit.o)
 .debug_rnglists
                0x00000c1f       0x13 C:/ST/STM32CubeCLT_1.16.0/GNU-tools-for-STM32/bin/../lib/gcc/arm-none-eabi/12.3.1/../../../../arm-none-eabi/lib/thumb/v7e-m/nofp\libg.a(libc_a-fini.o)
 .debug_rnglists
                0x00000c32       0x14 C:/ST/STM32CubeCLT_1.16.0/GNU-tools-for-STM32/bin/../lib/gcc/arm-none-eabi/12.3.1/../../../../arm-none-eabi/lib/thumb/v7e-m/nofp\libg.a(libc_a-__atexit.o)

.debug_line     0x00000000    0x123eb
 .debug_line    0x00000000      0x2a3 CMakeFiles/uart.elf.dir/Core/Src/callback.cpp.obj
 .debug_line    0x000002a3      0x2a7 CMakeFiles/uart.elf.dir/Core/Src/gpio.c.obj
 .debug_line    0x0000054a      0x45c CMakeFiles/uart.elf.dir/Core/Src/main.c.obj
 .debug_line    0x000009a6      0x1e9 CMakeFiles/uart.elf.dir/Core/Src/stm32f4xx_hal_msp.c.obj
 .debug_line    0x00000b8f      0x3f6 CMakeFiles/uart.elf.dir/Core/Src/stm32f4xx_it.c.obj
 .debug_line    0x00000f85      0x456 CMakeFiles/uart.elf.dir/Core/Src/syscalls.c.obj
 .debug_line    0x000013db      0x2b1 CMakeFiles/uart.elf.dir/Core/Src/system_stm32f4xx.c.obj
 .debug_line    0x0000168c      0x570 CMakeFiles/uart.elf.dir/Core/Src/tim.c.obj
 .debug_line    0x00001bfc      0x3ac CMakeFiles/uart.elf.dir/Core/Src/usart.c.obj
 .debug_line    0x00001fa8       0x7a CMakeFiles/uart.elf.dir/Core/Startup/startup_stm32f427iihx.s.obj
 .debug_line    0x00002022      0x669 CMakeFiles/uart.elf.dir/Drivers/STM32F4xx_HAL_Driver/Src/stm32f4xx_hal.c.obj
 .debug_line    0x0000268b      0x91e CMakeFiles/uart.elf.dir/Drivers/STM32F4xx_HAL_Driver/Src/stm32f4xx_hal_cortex.c.obj
 .debug_line    0x00002fa9      0xf09 CMakeFiles/uart.elf.dir/Drivers/STM32F4xx_HAL_Driver/Src/stm32f4xx_hal_dma.c.obj
 .debug_line    0x00003eb2      0x781 CMakeFiles/uart.elf.dir/Drivers/STM32F4xx_HAL_Driver/Src/stm32f4xx_hal_gpio.c.obj
 .debug_line    0x00004633      0x56a CMakeFiles/uart.elf.dir/Drivers/STM32F4xx_HAL_Driver/Src/stm32f4xx_hal_pwr_ex.c.obj
 .debug_line    0x00004b9d      0xbea CMakeFiles/uart.elf.dir/Drivers/STM32F4xx_HAL_Driver/Src/stm32f4xx_hal_rcc.c.obj
 .debug_line    0x00005787     0x4b27 CMakeFiles/uart.elf.dir/Drivers/STM32F4xx_HAL_Driver/Src/stm32f4xx_hal_tim.c.obj
 .debug_line    0x0000a2ae     0x1dc0 CMakeFiles/uart.elf.dir/Drivers/STM32F4xx_HAL_Driver/Src/stm32f4xx_hal_tim_ex.c.obj
 .debug_line    0x0000c06e     0x438a CMakeFiles/uart.elf.dir/Drivers/STM32F4xx_HAL_Driver/Src/stm32f4xx_hal_uart.c.obj
 .debug_line    0x000103f8      0x167 C:/ST/STM32CubeCLT_1.16.0/GNU-tools-for-STM32/bin/../lib/gcc/arm-none-eabi/12.3.1/../../../../arm-none-eabi/lib/thumb/v7e-m/nofp\libg.a(libc_a-abort.o)
 .debug_line    0x0001055f      0x596 C:/ST/STM32CubeCLT_1.16.0/GNU-tools-for-STM32/bin/../lib/gcc/arm-none-eabi/12.3.1/../../../../arm-none-eabi/lib/thumb/v7e-m/nofp\libg.a(libc_a-findfp.o)
 .debug_line    0x00010af5      0x17e C:/ST/STM32CubeCLT_1.16.0/GNU-tools-for-STM32/bin/../lib/gcc/arm-none-eabi/12.3.1/../../../../arm-none-eabi/lib/thumb/v7e-m/nofp\libg.a(libc_a-memset.o)
 .debug_line    0x00010c73      0x44b C:/ST/STM32CubeCLT_1.16.0/GNU-tools-for-STM32/bin/../lib/gcc/arm-none-eabi/12.3.1/../../../../arm-none-eabi/lib/thumb/v7e-m/nofp\libg.a(libc_a-signal.o)
 .debug_line    0x000110be      0x263 C:/ST/STM32CubeCLT_1.16.0/GNU-tools-for-STM32/bin/../lib/gcc/arm-none-eabi/12.3.1/../../../../arm-none-eabi/lib/thumb/v7e-m/nofp\libg.a(libc_a-reent.o)
 .debug_line    0x00011321      0x163 C:/ST/STM32CubeCLT_1.16.0/GNU-tools-for-STM32/bin/../lib/gcc/arm-none-eabi/12.3.1/../../../../arm-none-eabi/lib/thumb/v7e-m/nofp\libg.a(libc_a-impure.o)
 .debug_line    0x00011484      0x24c C:/ST/STM32CubeCLT_1.16.0/GNU-tools-for-STM32/bin/../lib/gcc/arm-none-eabi/12.3.1/../../../../arm-none-eabi/lib/thumb/v7e-m/nofp\libg.a(libc_a-signalr.o)
 .debug_line    0x000116d0      0x185 C:/ST/STM32CubeCLT_1.16.0/GNU-tools-for-STM32/bin/../lib/gcc/arm-none-eabi/12.3.1/../../../../arm-none-eabi/lib/thumb/v7e-m/nofp\libg.a(libc_a-errno.o)
 .debug_line    0x00011855      0x188 C:/ST/STM32CubeCLT_1.16.0/GNU-tools-for-STM32/bin/../lib/gcc/arm-none-eabi/12.3.1/../../../../arm-none-eabi/lib/thumb/v7e-m/nofp\libg.a(libc_a-init.o)
 .debug_line    0x000119dd      0x19b C:/ST/STM32CubeCLT_1.16.0/GNU-tools-for-STM32/bin/../lib/gcc/arm-none-eabi/12.3.1/../../../../arm-none-eabi/lib/thumb/v7e-m/nofp\libg.a(libc_a-lock.o)
 .debug_line    0x00011b78      0x202 C:/ST/STM32CubeCLT_1.16.0/GNU-tools-for-STM32/bin/../lib/gcc/arm-none-eabi/12.3.1/../../../../arm-none-eabi/lib/thumb/v7e-m/nofp\libg.a(libc_a-memcpy-stub.o)
 .debug_line    0x00011d7a      0x28a C:/ST/STM32CubeCLT_1.16.0/GNU-tools-for-STM32/bin/../lib/gcc/arm-none-eabi/12.3.1/../../../../arm-none-eabi/lib/thumb/v7e-m/nofp\libg.a(libc_a-__call_atexit.o)
 .debug_line    0x00012004      0x102 C:/ST/STM32CubeCLT_1.16.0/GNU-tools-for-STM32/bin/../lib/gcc/arm-none-eabi/12.3.1/../../../../arm-none-eabi/lib/thumb/v7e-m/nofp\libg.a(libc_a-atexit.o)
 .debug_line    0x00012106      0x140 C:/ST/STM32CubeCLT_1.16.0/GNU-tools-for-STM32/bin/../lib/gcc/arm-none-eabi/12.3.1/../../../../arm-none-eabi/lib/thumb/v7e-m/nofp\libg.a(libc_a-fini.o)
 .debug_line    0x00012246      0x1a5 C:/ST/STM32CubeCLT_1.16.0/GNU-tools-for-STM32/bin/../lib/gcc/arm-none-eabi/12.3.1/../../../../arm-none-eabi/lib/thumb/v7e-m/nofp\libg.a(libc_a-__atexit.o)

.debug_str      0x00000000     0x5235
 .debug_str     0x00000000      0x628 CMakeFiles/uart.elf.dir/Core/Src/callback.cpp.obj
                                0x757 (size before relaxing)
 .debug_str     0x00000628      0x824 CMakeFiles/uart.elf.dir/Core/Src/gpio.c.obj
                                0x914 (size before relaxing)
 .debug_str     0x00000e4c      0x217 CMakeFiles/uart.elf.dir/Core/Src/main.c.obj
                                0x9a0 (size before relaxing)
 .debug_str     0x00001063       0x45 CMakeFiles/uart.elf.dir/Core/Src/stm32f4xx_hal_msp.c.obj
                                0x2e8 (size before relaxing)
 .debug_str     0x000010a8      0x40e CMakeFiles/uart.elf.dir/Core/Src/stm32f4xx_it.c.obj
                                0xa44 (size before relaxing)
 .debug_str     0x000014b6      0x225 CMakeFiles/uart.elf.dir/Core/Src/syscalls.c.obj
                                0x413 (size before relaxing)
 .debug_str     0x000016db       0xa0 CMakeFiles/uart.elf.dir/Core/Src/system_stm32f4xx.c.obj
                                0x34e (size before relaxing)
 .debug_str     0x0000177b      0x2c9 CMakeFiles/uart.elf.dir/Core/Src/tim.c.obj
                               0x112f (size before relaxing)
 .debug_str     0x00001a44       0x7a CMakeFiles/uart.elf.dir/Core/Src/usart.c.obj
                                0xde4 (size before relaxing)
 .debug_str     0x00001abe       0x5d CMakeFiles/uart.elf.dir/Core/Startup/startup_stm32f427iihx.s.obj
                                 0x8b (size before relaxing)
 .debug_str     0x00001b1b      0x39e CMakeFiles/uart.elf.dir/Drivers/STM32F4xx_HAL_Driver/Src/stm32f4xx_hal.c.obj
                                0xc19 (size before relaxing)
 .debug_str     0x00001eb9      0x4d8 CMakeFiles/uart.elf.dir/Drivers/STM32F4xx_HAL_Driver/Src/stm32f4xx_hal_cortex.c.obj
                                0xcdc (size before relaxing)
 .debug_str     0x00002391      0x327 CMakeFiles/uart.elf.dir/Drivers/STM32F4xx_HAL_Driver/Src/stm32f4xx_hal_dma.c.obj
                                0x790 (size before relaxing)
 .debug_str     0x000026b8      0x11a CMakeFiles/uart.elf.dir/Drivers/STM32F4xx_HAL_Driver/Src/stm32f4xx_hal_gpio.c.obj
                                0x50d (size before relaxing)
 .debug_str     0x000027d2      0x157 CMakeFiles/uart.elf.dir/Drivers/STM32F4xx_HAL_Driver/Src/stm32f4xx_hal_pwr_ex.c.obj
                                0x4f8 (size before relaxing)
 .debug_str     0x00002929      0x1bd CMakeFiles/uart.elf.dir/Drivers/STM32F4xx_HAL_Driver/Src/stm32f4xx_hal_rcc.c.obj
                                0x733 (size before relaxing)
 .debug_str     0x00002ae6      0xe20 CMakeFiles/uart.elf.dir/Drivers/STM32F4xx_HAL_Driver/Src/stm32f4xx_hal_tim.c.obj
                               0x1719 (size before relaxing)
 .debug_str     0x00003906      0x455 CMakeFiles/uart.elf.dir/Drivers/STM32F4xx_HAL_Driver/Src/stm32f4xx_hal_tim_ex.c.obj
                                0xf25 (size before relaxing)
 .debug_str     0x00003d5b      0x5d4 CMakeFiles/uart.elf.dir/Drivers/STM32F4xx_HAL_Driver/Src/stm32f4xx_hal_uart.c.obj
                                0xdb5 (size before relaxing)
 .debug_str     0x0000432f      0x16e C:/ST/STM32CubeCLT_1.16.0/GNU-tools-for-STM32/bin/../lib/gcc/arm-none-eabi/12.3.1/../../../../arm-none-eabi/lib/thumb/v7e-m/nofp\libg.a(libc_a-abort.o)
                                0x209 (size before relaxing)
 .debug_str     0x0000449d      0x55a C:/ST/STM32CubeCLT_1.16.0/GNU-tools-for-STM32/bin/../lib/gcc/arm-none-eabi/12.3.1/../../../../arm-none-eabi/lib/thumb/v7e-m/nofp\libg.a(libc_a-findfp.o)
                                0x79e (size before relaxing)
 .debug_str     0x000049f7       0x5a C:/ST/STM32CubeCLT_1.16.0/GNU-tools-for-STM32/bin/../lib/gcc/arm-none-eabi/12.3.1/../../../../arm-none-eabi/lib/thumb/v7e-m/nofp\libg.a(libc_a-memset.o)
                                0x206 (size before relaxing)
 .debug_str     0x00004a51       0xcc C:/ST/STM32CubeCLT_1.16.0/GNU-tools-for-STM32/bin/../lib/gcc/arm-none-eabi/12.3.1/../../../../arm-none-eabi/lib/thumb/v7e-m/nofp\libg.a(libc_a-signal.o)
                                0x59d (size before relaxing)
 .debug_str     0x00004b1d       0x7f C:/ST/STM32CubeCLT_1.16.0/GNU-tools-for-STM32/bin/../lib/gcc/arm-none-eabi/12.3.1/../../../../arm-none-eabi/lib/thumb/v7e-m/nofp\libg.a(libc_a-reent.o)
                                0x535 (size before relaxing)
 .debug_str     0x00004b9c       0x59 C:/ST/STM32CubeCLT_1.16.0/GNU-tools-for-STM32/bin/../lib/gcc/arm-none-eabi/12.3.1/../../../../arm-none-eabi/lib/thumb/v7e-m/nofp\libg.a(libc_a-impure.o)
                                0x51b (size before relaxing)
 .debug_str     0x00004bf5       0x62 C:/ST/STM32CubeCLT_1.16.0/GNU-tools-for-STM32/bin/../lib/gcc/arm-none-eabi/12.3.1/../../../../arm-none-eabi/lib/thumb/v7e-m/nofp\libg.a(libc_a-signalr.o)
                                0x532 (size before relaxing)
 .debug_str     0x00004c57       0x58 C:/ST/STM32CubeCLT_1.16.0/GNU-tools-for-STM32/bin/../lib/gcc/arm-none-eabi/12.3.1/../../../../arm-none-eabi/lib/thumb/v7e-m/nofp\libg.a(libc_a-errno.o)
                                0x510 (size before relaxing)
 .debug_str     0x00004caf       0xb6 C:/ST/STM32CubeCLT_1.16.0/GNU-tools-for-STM32/bin/../lib/gcc/arm-none-eabi/12.3.1/../../../../arm-none-eabi/lib/thumb/v7e-m/nofp\libg.a(libc_a-init.o)
                                0x267 (size before relaxing)
 .debug_str     0x00004d65      0x1d7 C:/ST/STM32CubeCLT_1.16.0/GNU-tools-for-STM32/bin/../lib/gcc/arm-none-eabi/12.3.1/../../../../arm-none-eabi/lib/thumb/v7e-m/nofp\libg.a(libc_a-lock.o)
                                0x379 (size before relaxing)
 .debug_str     0x00004f3c       0x7f C:/ST/STM32CubeCLT_1.16.0/GNU-tools-for-STM32/bin/../lib/gcc/arm-none-eabi/12.3.1/../../../../arm-none-eabi/lib/thumb/v7e-m/nofp\libg.a(libc_a-memcpy-stub.o)
                                0x224 (size before relaxing)
 .debug_str     0x00004fbb       0xf7 C:/ST/STM32CubeCLT_1.16.0/GNU-tools-for-STM32/bin/../lib/gcc/arm-none-eabi/12.3.1/../../../../arm-none-eabi/lib/thumb/v7e-m/nofp\libg.a(libc_a-__call_atexit.o)
                                0x343 (size before relaxing)
 .debug_str     0x000050b2       0x9e C:/ST/STM32CubeCLT_1.16.0/GNU-tools-for-STM32/bin/../lib/gcc/arm-none-eabi/12.3.1/../../../../arm-none-eabi/lib/thumb/v7e-m/nofp\libg.a(libc_a-atexit.o)
                                0x243 (size before relaxing)
 .debug_str     0x00005150       0x7a C:/ST/STM32CubeCLT_1.16.0/GNU-tools-for-STM32/bin/../lib/gcc/arm-none-eabi/12.3.1/../../../../arm-none-eabi/lib/thumb/v7e-m/nofp\libg.a(libc_a-fini.o)
                                0x23d (size before relaxing)
 .debug_str     0x000051ca       0x6b C:/ST/STM32CubeCLT_1.16.0/GNU-tools-for-STM32/bin/../lib/gcc/arm-none-eabi/12.3.1/../../../../arm-none-eabi/lib/thumb/v7e-m/nofp\libg.a(libc_a-__atexit.o)
                                0x31a (size before relaxing)

.comment        0x00000000       0x43
 .comment       0x00000000       0x43 CMakeFiles/uart.elf.dir/Core/Src/callback.cpp.obj
                                 0x44 (size before relaxing)
 .comment       0x00000043       0x44 CMakeFiles/uart.elf.dir/Core/Src/gpio.c.obj
 .comment       0x00000043       0x44 CMakeFiles/uart.elf.dir/Core/Src/main.c.obj
 .comment       0x00000043       0x44 CMakeFiles/uart.elf.dir/Core/Src/stm32f4xx_hal_msp.c.obj
 .comment       0x00000043       0x44 CMakeFiles/uart.elf.dir/Core/Src/stm32f4xx_it.c.obj
 .comment       0x00000043       0x44 CMakeFiles/uart.elf.dir/Core/Src/syscalls.c.obj
 .comment       0x00000043       0x44 CMakeFiles/uart.elf.dir/Core/Src/system_stm32f4xx.c.obj
 .comment       0x00000043       0x44 CMakeFiles/uart.elf.dir/Core/Src/tim.c.obj
 .comment       0x00000043       0x44 CMakeFiles/uart.elf.dir/Core/Src/usart.c.obj
 .comment       0x00000043       0x44 CMakeFiles/uart.elf.dir/Drivers/STM32F4xx_HAL_Driver/Src/stm32f4xx_hal.c.obj
 .comment       0x00000043       0x44 CMakeFiles/uart.elf.dir/Drivers/STM32F4xx_HAL_Driver/Src/stm32f4xx_hal_cortex.c.obj
 .comment       0x00000043       0x44 CMakeFiles/uart.elf.dir/Drivers/STM32F4xx_HAL_Driver/Src/stm32f4xx_hal_dma.c.obj
 .comment       0x00000043       0x44 CMakeFiles/uart.elf.dir/Drivers/STM32F4xx_HAL_Driver/Src/stm32f4xx_hal_gpio.c.obj
 .comment       0x00000043       0x44 CMakeFiles/uart.elf.dir/Drivers/STM32F4xx_HAL_Driver/Src/stm32f4xx_hal_pwr_ex.c.obj
 .comment       0x00000043       0x44 CMakeFiles/uart.elf.dir/Drivers/STM32F4xx_HAL_Driver/Src/stm32f4xx_hal_rcc.c.obj
 .comment       0x00000043       0x44 CMakeFiles/uart.elf.dir/Drivers/STM32F4xx_HAL_Driver/Src/stm32f4xx_hal_tim.c.obj
 .comment       0x00000043       0x44 CMakeFiles/uart.elf.dir/Drivers/STM32F4xx_HAL_Driver/Src/stm32f4xx_hal_tim_ex.c.obj
 .comment       0x00000043       0x44 CMakeFiles/uart.elf.dir/Drivers/STM32F4xx_HAL_Driver/Src/stm32f4xx_hal_uart.c.obj
 .comment       0x00000043       0x44 C:/ST/STM32CubeCLT_1.16.0/GNU-tools-for-STM32/bin/../lib/gcc/arm-none-eabi/12.3.1/../../../../arm-none-eabi/lib/thumb/v7e-m/nofp\libg.a(libc_a-abort.o)
 .comment       0x00000043       0x44 C:/ST/STM32CubeCLT_1.16.0/GNU-tools-for-STM32/bin/../lib/gcc/arm-none-eabi/12.3.1/../../../../arm-none-eabi/lib/thumb/v7e-m/nofp\libg.a(libc_a-findfp.o)
 .comment       0x00000043       0x44 C:/ST/STM32CubeCLT_1.16.0/GNU-tools-for-STM32/bin/../lib/gcc/arm-none-eabi/12.3.1/../../../../arm-none-eabi/lib/thumb/v7e-m/nofp\libg.a(libc_a-memset.o)
 .comment       0x00000043       0x44 C:/ST/STM32CubeCLT_1.16.0/GNU-tools-for-STM32/bin/../lib/gcc/arm-none-eabi/12.3.1/../../../../arm-none-eabi/lib/thumb/v7e-m/nofp\libg.a(libc_a-signal.o)
 .comment       0x00000043       0x44 C:/ST/STM32CubeCLT_1.16.0/GNU-tools-for-STM32/bin/../lib/gcc/arm-none-eabi/12.3.1/../../../../arm-none-eabi/lib/thumb/v7e-m/nofp\libg.a(libc_a-reent.o)
 .comment       0x00000043       0x44 C:/ST/STM32CubeCLT_1.16.0/GNU-tools-for-STM32/bin/../lib/gcc/arm-none-eabi/12.3.1/../../../../arm-none-eabi/lib/thumb/v7e-m/nofp\libg.a(libc_a-impure.o)
 .comment       0x00000043       0x44 C:/ST/STM32CubeCLT_1.16.0/GNU-tools-for-STM32/bin/../lib/gcc/arm-none-eabi/12.3.1/../../../../arm-none-eabi/lib/thumb/v7e-m/nofp\libg.a(libc_a-signalr.o)
 .comment       0x00000043       0x44 C:/ST/STM32CubeCLT_1.16.0/GNU-tools-for-STM32/bin/../lib/gcc/arm-none-eabi/12.3.1/../../../../arm-none-eabi/lib/thumb/v7e-m/nofp\libg.a(libc_a-errno.o)
 .comment       0x00000043       0x44 C:/ST/STM32CubeCLT_1.16.0/GNU-tools-for-STM32/bin/../lib/gcc/arm-none-eabi/12.3.1/../../../../arm-none-eabi/lib/thumb/v7e-m/nofp\libg.a(libc_a-init.o)
 .comment       0x00000043       0x44 C:/ST/STM32CubeCLT_1.16.0/GNU-tools-for-STM32/bin/../lib/gcc/arm-none-eabi/12.3.1/../../../../arm-none-eabi/lib/thumb/v7e-m/nofp\libg.a(libc_a-lock.o)
 .comment       0x00000043       0x44 C:/ST/STM32CubeCLT_1.16.0/GNU-tools-for-STM32/bin/../lib/gcc/arm-none-eabi/12.3.1/../../../../arm-none-eabi/lib/thumb/v7e-m/nofp\libg.a(libc_a-memcpy-stub.o)
 .comment       0x00000043       0x44 C:/ST/STM32CubeCLT_1.16.0/GNU-tools-for-STM32/bin/../lib/gcc/arm-none-eabi/12.3.1/../../../../arm-none-eabi/lib/thumb/v7e-m/nofp\libg.a(libc_a-__call_atexit.o)
 .comment       0x00000043       0x44 C:/ST/STM32CubeCLT_1.16.0/GNU-tools-for-STM32/bin/../lib/gcc/arm-none-eabi/12.3.1/../../../../arm-none-eabi/lib/thumb/v7e-m/nofp\libg.a(libc_a-atexit.o)
 .comment       0x00000043       0x44 C:/ST/STM32CubeCLT_1.16.0/GNU-tools-for-STM32/bin/../lib/gcc/arm-none-eabi/12.3.1/../../../../arm-none-eabi/lib/thumb/v7e-m/nofp\libg.a(libc_a-fini.o)